[0.151s] Invoking command in '/home/kits/practise_workspace/build/swarm_robot_description': CMAKE_PREFIX_PATH=${CMAKE_PREFIX_PATH}:/home/kits/practise_workspace/install/swarm_robot_gazebo:/home/kits/practise_workspace/install/swarm_robot_bringup:/opt/ros/humble /usr/bin/cmake /home/kits/practise_workspace/src/swarm_robot_description -DCMAKE_INSTALL_PREFIX=/home/kits/practise_workspace/install/swarm_robot_description
[0.256s] -- The C compiler identification is GNU 11.4.0
[0.345s] -- The CXX compiler identification is GNU 11.4.0
[0.355s] -- Detecting C compiler ABI info
[0.410s] -- Detecting C compiler ABI info - done
[0.418s] -- Check for working C compiler: /usr/bin/cc - skipped
[0.418s] -- Detecting C compile features
[0.419s] -- Detecting C compile features - done
[0.422s] -- Detecting CXX compiler ABI info
[0.488s] -- Detecting CXX compiler ABI info - done
[0.493s] -- Check for working CXX compiler: /usr/bin/c++ - skipped
[0.493s] -- Detecting CXX compile features
[0.493s] -- Detecting CXX compile features - done
[0.497s] -- Found ament_cmake: 1.3.12 (/opt/ros/humble/share/ament_cmake/cmake)
[0.613s] -- Found Python3: /usr/bin/python3 (found version "3.10.12") found components: Interpreter 
[0.696s] -- Found ament_lint_auto: 0.12.14 (/opt/ros/humble/share/ament_lint_auto/cmake)
[0.757s] -- Added test 'flake8' to check Python code syntax and style conventions
[0.757s] -- Added test 'lint_cmake' to check CMake code style
[0.758s] -- Added test 'pep257' to check Python code against some of the docstring style conventions in PEP 257
[0.759s] -- Added test 'xmllint' to check XML markup files
[0.760s] -- Configuring done
[0.761s] -- Generating done
[0.762s] -- Build files have been written to: /home/kits/practise_workspace/build/swarm_robot_description
[0.765s] Invoked command in '/home/kits/practise_workspace/build/swarm_robot_description' returned '0': CMAKE_PREFIX_PATH=${CMAKE_PREFIX_PATH}:/home/kits/practise_workspace/install/swarm_robot_gazebo:/home/kits/practise_workspace/install/swarm_robot_bringup:/opt/ros/humble /usr/bin/cmake /home/kits/practise_workspace/src/swarm_robot_description -DCMAKE_INSTALL_PREFIX=/home/kits/practise_workspace/install/swarm_robot_description
[0.766s] Invoking command in '/home/kits/practise_workspace/build/swarm_robot_description': CMAKE_PREFIX_PATH=${CMAKE_PREFIX_PATH}:/home/kits/practise_workspace/install/swarm_robot_gazebo:/home/kits/practise_workspace/install/swarm_robot_bringup:/opt/ros/humble /usr/bin/cmake --build /home/kits/practise_workspace/build/swarm_robot_description -- -j16 -l16
[0.795s] Invoked command in '/home/kits/practise_workspace/build/swarm_robot_description' returned '0': CMAKE_PREFIX_PATH=${CMAKE_PREFIX_PATH}:/home/kits/practise_workspace/install/swarm_robot_gazebo:/home/kits/practise_workspace/install/swarm_robot_bringup:/opt/ros/humble /usr/bin/cmake --build /home/kits/practise_workspace/build/swarm_robot_description -- -j16 -l16
[0.801s] Invoking command in '/home/kits/practise_workspace/build/swarm_robot_description': CMAKE_PREFIX_PATH=${CMAKE_PREFIX_PATH}:/home/kits/practise_workspace/install/swarm_robot_gazebo:/home/kits/practise_workspace/install/swarm_robot_bringup:/opt/ros/humble /usr/bin/cmake --install /home/kits/practise_workspace/build/swarm_robot_description
[0.809s] -- Install configuration: ""
[0.809s] -- Installing: /home/kits/practise_workspace/install/swarm_robot_description/share/swarm_robot_description/urdf
[0.810s] -- Installing: /home/kits/practise_workspace/install/swarm_robot_description/share/swarm_robot_description/urdf/common_properties.urdf
[0.810s] -- Installing: /home/kits/practise_workspace/install/swarm_robot_description/share/swarm_robot_description/urdf/turtlebot3_burger.urdf
[0.810s] -- Installing: /home/kits/practise_workspace/install/swarm_robot_description/share/swarm_robot_description/urdf/turtlebot3_waffle_pi.urdf
[0.810s] -- Installing: /home/kits/practise_workspace/install/swarm_robot_description/share/swarm_robot_description/urdf/turtlebot3_waffle.urdf
[0.810s] -- Installing: /home/kits/practise_workspace/install/swarm_robot_description/share/swarm_robot_description/meshes
[0.810s] -- Installing: /home/kits/practise_workspace/install/swarm_robot_description/share/swarm_robot_description/meshes/sensors
[0.810s] -- Installing: /home/kits/practise_workspace/install/swarm_robot_description/share/swarm_robot_description/meshes/sensors/r200.jpg
[0.810s] -- Installing: /home/kits/practise_workspace/install/swarm_robot_description/share/swarm_robot_description/meshes/sensors/astra.jpg
[0.811s] -- Installing: /home/kits/practise_workspace/install/swarm_robot_description/share/swarm_robot_description/meshes/sensors/lds.stl
[0.812s] -- Installing: /home/kits/practise_workspace/install/swarm_robot_description/share/swarm_robot_description/meshes/sensors/astra.dae
[0.827s] -- Installing: /home/kits/practise_workspace/install/swarm_robot_description/share/swarm_robot_description/meshes/sensors/r200.dae
[0.828s] -- Installing: /home/kits/practise_workspace/install/swarm_robot_description/share/swarm_robot_description/meshes/wheels
[0.828s] -- Installing: /home/kits/practise_workspace/install/swarm_robot_description/share/swarm_robot_description/meshes/wheels/left_tire.stl
[0.830s] -- Installing: /home/kits/practise_workspace/install/swarm_robot_description/share/swarm_robot_description/meshes/wheels/right_tire.stl
[0.832s] -- Installing: /home/kits/practise_workspace/install/swarm_robot_description/share/swarm_robot_description/meshes/bases
[0.832s] -- Installing: /home/kits/practise_workspace/install/swarm_robot_description/share/swarm_robot_description/meshes/bases/waffle_base.stl
[0.857s] -- Installing: /home/kits/practise_workspace/install/swarm_robot_description/share/swarm_robot_description/meshes/bases/waffle_pi_base.stl
[0.869s] -- Installing: /home/kits/practise_workspace/install/swarm_robot_description/share/swarm_robot_description/meshes/bases/burger_base.stl
[0.876s] -- Installing: /home/kits/practise_workspace/install/swarm_robot_description/share/swarm_robot_description/launch
[0.876s] -- Installing: /home/kits/practise_workspace/install/swarm_robot_description/share/swarm_robot_description/launch/visualize.launch.py
[0.876s] -- Installing: /home/kits/practise_workspace/install/swarm_robot_description/share/swarm_robot_description/rviz
[0.876s] -- Installing: /home/kits/practise_workspace/install/swarm_robot_description/share/ament_index/resource_index/package_run_dependencies/swarm_robot_description
[0.876s] -- Installing: /home/kits/practise_workspace/install/swarm_robot_description/share/ament_index/resource_index/parent_prefix_path/swarm_robot_description
[0.876s] -- Installing: /home/kits/practise_workspace/install/swarm_robot_description/share/swarm_robot_description/environment/ament_prefix_path.sh
[0.876s] -- Installing: /home/kits/practise_workspace/install/swarm_robot_description/share/swarm_robot_description/environment/ament_prefix_path.dsv
[0.877s] -- Installing: /home/kits/practise_workspace/install/swarm_robot_description/share/swarm_robot_description/environment/path.sh
[0.877s] -- Installing: /home/kits/practise_workspace/install/swarm_robot_description/share/swarm_robot_description/environment/path.dsv
[0.877s] -- Installing: /home/kits/practise_workspace/install/swarm_robot_description/share/swarm_robot_description/local_setup.bash
[0.877s] -- Installing: /home/kits/practise_workspace/install/swarm_robot_description/share/swarm_robot_description/local_setup.sh
[0.877s] -- Installing: /home/kits/practise_workspace/install/swarm_robot_description/share/swarm_robot_description/local_setup.zsh
[0.877s] -- Installing: /home/kits/practise_workspace/install/swarm_robot_description/share/swarm_robot_description/local_setup.dsv
[0.877s] -- Installing: /home/kits/practise_workspace/install/swarm_robot_description/share/swarm_robot_description/package.dsv
[0.877s] -- Installing: /home/kits/practise_workspace/install/swarm_robot_description/share/ament_index/resource_index/packages/swarm_robot_description
[0.877s] -- Installing: /home/kits/practise_workspace/install/swarm_robot_description/share/swarm_robot_description/cmake/swarm_robot_descriptionConfig.cmake
[0.877s] -- Installing: /home/kits/practise_workspace/install/swarm_robot_description/share/swarm_robot_description/cmake/swarm_robot_descriptionConfig-version.cmake
[0.877s] -- Installing: /home/kits/practise_workspace/install/swarm_robot_description/share/swarm_robot_description/package.xml
[0.878s] Invoked command in '/home/kits/practise_workspace/build/swarm_robot_description' returned '0': CMAKE_PREFIX_PATH=${CMAKE_PREFIX_PATH}:/home/kits/practise_workspace/install/swarm_robot_gazebo:/home/kits/practise_workspace/install/swarm_robot_bringup:/opt/ros/humble /usr/bin/cmake --install /home/kits/practise_workspace/build/swarm_robot_description
