[0.138s] DEBUG:colcon:Command line arguments: ['/usr/bin/colcon', 'build']
[0.138s] DEBUG:colcon:Parsed command line arguments: Namespace(log_base=None, log_level=None, verb_name='build', build_base='build', install_base='install', merge_install=False, symlink_install=False, test_result_base=None, continue_on_error=False, executor='parallel', parallel_workers=16, event_handlers=None, ignore_user_meta=False, metas=['./colcon.meta'], base_paths=['.'], packages_ignore=None, packages_ignore_regex=None, paths=None, packages_up_to=None, packages_up_to_regex=None, packages_above=None, packages_above_and_dependencies=None, packages_above_depth=None, packages_select_by_dep=None, packages_skip_by_dep=None, packages_skip_up_to=None, packages_select_build_failed=False, packages_skip_build_finished=False, packages_select_test_failures=False, packages_skip_test_passed=False, packages_select=None, packages_skip=None, packages_select_regex=None, packages_skip_regex=None, packages_start=None, packages_end=None, allow_overriding=[], cmake_args=None, cmake_target=None, cmake_target_skip_unavailable=False, cmake_clean_cache=False, cmake_clean_first=False, cmake_force_configure=False, ament_cmake_args=None, catkin_cmake_args=None, catkin_skip_building_tests=False, mixin_files=None, mixin=None, verb_parser=<colcon_mixin.mixin.mixin_argument.MixinArgumentDecorator object at 0x7b60ac15a050>, verb_extension=<colcon_core.verb.build.BuildVerb object at 0x7b60ac159a20>, main=<bound method BuildVerb.main of <colcon_core.verb.build.BuildVerb object at 0x7b60ac159a20>>, mixin_verb=('build',))
[0.282s] Level 1:colcon.colcon_core.package_discovery:discover_packages(colcon_meta) check parameters
[0.282s] Level 1:colcon.colcon_core.package_discovery:discover_packages(recursive) check parameters
[0.282s] Level 1:colcon.colcon_core.package_discovery:discover_packages(ignore) check parameters
[0.282s] Level 1:colcon.colcon_core.package_discovery:discover_packages(path) check parameters
[0.282s] Level 1:colcon.colcon_core.package_discovery:discover_packages(colcon_meta) discover
[0.282s] Level 1:colcon.colcon_core.package_discovery:discover_packages(recursive) discover
[0.282s] INFO:colcon.colcon_core.package_discovery:Crawling recursively for packages in '/home/kits/practise_workspace'
[0.282s] Level 1:colcon.colcon_core.package_identification:_identify(.) by extensions ['ignore', 'ignore_ament_install']
[0.282s] Level 1:colcon.colcon_core.package_identification:_identify(.) by extension 'ignore'
[0.282s] Level 1:colcon.colcon_core.package_identification:_identify(.) by extension 'ignore_ament_install'
[0.282s] Level 1:colcon.colcon_core.package_identification:_identify(.) by extensions ['colcon_pkg']
[0.282s] Level 1:colcon.colcon_core.package_identification:_identify(.) by extension 'colcon_pkg'
[0.282s] Level 1:colcon.colcon_core.package_identification:_identify(.) by extensions ['colcon_meta']
[0.282s] Level 1:colcon.colcon_core.package_identification:_identify(.) by extension 'colcon_meta'
[0.282s] Level 1:colcon.colcon_core.package_identification:_identify(.) by extensions ['ros']
[0.282s] Level 1:colcon.colcon_core.package_identification:_identify(.) by extension 'ros'
[0.291s] Level 1:colcon.colcon_core.package_identification:_identify(.) by extensions ['cmake', 'python']
[0.291s] Level 1:colcon.colcon_core.package_identification:_identify(.) by extension 'cmake'
[0.291s] Level 1:colcon.colcon_core.package_identification:_identify(.) by extension 'python'
[0.291s] Level 1:colcon.colcon_core.package_identification:_identify(.) by extensions ['python_setup_py']
[0.291s] Level 1:colcon.colcon_core.package_identification:_identify(.) by extension 'python_setup_py'
[0.291s] Level 1:colcon.colcon_core.package_identification:_identify(build) by extensions ['ignore', 'ignore_ament_install']
[0.291s] Level 1:colcon.colcon_core.package_identification:_identify(build) by extension 'ignore'
[0.291s] Level 1:colcon.colcon_core.package_identification:_identify(build) ignored
[0.291s] Level 1:colcon.colcon_core.package_identification:_identify(install) by extensions ['ignore', 'ignore_ament_install']
[0.291s] Level 1:colcon.colcon_core.package_identification:_identify(install) by extension 'ignore'
[0.291s] Level 1:colcon.colcon_core.package_identification:_identify(install) ignored
[0.291s] Level 1:colcon.colcon_core.package_identification:_identify(log) by extensions ['ignore', 'ignore_ament_install']
[0.291s] Level 1:colcon.colcon_core.package_identification:_identify(log) by extension 'ignore'
[0.291s] Level 1:colcon.colcon_core.package_identification:_identify(log) ignored
[0.291s] Level 1:colcon.colcon_core.package_identification:_identify(src) by extensions ['ignore', 'ignore_ament_install']
[0.291s] Level 1:colcon.colcon_core.package_identification:_identify(src) by extension 'ignore'
[0.291s] Level 1:colcon.colcon_core.package_identification:_identify(src) by extension 'ignore_ament_install'
[0.291s] Level 1:colcon.colcon_core.package_identification:_identify(src) by extensions ['colcon_pkg']
[0.291s] Level 1:colcon.colcon_core.package_identification:_identify(src) by extension 'colcon_pkg'
[0.291s] Level 1:colcon.colcon_core.package_identification:_identify(src) by extensions ['colcon_meta']
[0.291s] Level 1:colcon.colcon_core.package_identification:_identify(src) by extension 'colcon_meta'
[0.291s] Level 1:colcon.colcon_core.package_identification:_identify(src) by extensions ['ros']
[0.291s] Level 1:colcon.colcon_core.package_identification:_identify(src) by extension 'ros'
[0.291s] Level 1:colcon.colcon_core.package_identification:_identify(src) by extensions ['cmake', 'python']
[0.291s] Level 1:colcon.colcon_core.package_identification:_identify(src) by extension 'cmake'
[0.292s] Level 1:colcon.colcon_core.package_identification:_identify(src) by extension 'python'
[0.292s] Level 1:colcon.colcon_core.package_identification:_identify(src) by extensions ['python_setup_py']
[0.292s] Level 1:colcon.colcon_core.package_identification:_identify(src) by extension 'python_setup_py'
[0.292s] Level 1:colcon.colcon_core.package_identification:_identify(src/swarm_robot_bringup) by extensions ['ignore', 'ignore_ament_install']
[0.292s] Level 1:colcon.colcon_core.package_identification:_identify(src/swarm_robot_bringup) by extension 'ignore'
[0.292s] Level 1:colcon.colcon_core.package_identification:_identify(src/swarm_robot_bringup) by extension 'ignore_ament_install'
[0.292s] Level 1:colcon.colcon_core.package_identification:_identify(src/swarm_robot_bringup) by extensions ['colcon_pkg']
[0.292s] Level 1:colcon.colcon_core.package_identification:_identify(src/swarm_robot_bringup) by extension 'colcon_pkg'
[0.292s] Level 1:colcon.colcon_core.package_identification:_identify(src/swarm_robot_bringup) by extensions ['colcon_meta']
[0.292s] Level 1:colcon.colcon_core.package_identification:_identify(src/swarm_robot_bringup) by extension 'colcon_meta'
[0.292s] Level 1:colcon.colcon_core.package_identification:_identify(src/swarm_robot_bringup) by extensions ['ros']
[0.292s] Level 1:colcon.colcon_core.package_identification:_identify(src/swarm_robot_bringup) by extension 'ros'
[0.294s] DEBUG:colcon.colcon_core.package_identification:Package 'src/swarm_robot_bringup' with type 'ros.ament_python' and name 'swarm_robot_bringup'
[0.294s] Level 1:colcon.colcon_core.package_identification:_identify(src/swarm_robot_description) by extensions ['ignore', 'ignore_ament_install']
[0.294s] Level 1:colcon.colcon_core.package_identification:_identify(src/swarm_robot_description) by extension 'ignore'
[0.294s] Level 1:colcon.colcon_core.package_identification:_identify(src/swarm_robot_description) by extension 'ignore_ament_install'
[0.294s] Level 1:colcon.colcon_core.package_identification:_identify(src/swarm_robot_description) by extensions ['colcon_pkg']
[0.294s] Level 1:colcon.colcon_core.package_identification:_identify(src/swarm_robot_description) by extension 'colcon_pkg'
[0.294s] Level 1:colcon.colcon_core.package_identification:_identify(src/swarm_robot_description) by extensions ['colcon_meta']
[0.294s] Level 1:colcon.colcon_core.package_identification:_identify(src/swarm_robot_description) by extension 'colcon_meta'
[0.294s] Level 1:colcon.colcon_core.package_identification:_identify(src/swarm_robot_description) by extensions ['ros']
[0.294s] Level 1:colcon.colcon_core.package_identification:_identify(src/swarm_robot_description) by extension 'ros'
[0.295s] DEBUG:colcon.colcon_core.package_identification:Package 'src/swarm_robot_description' with type 'ros.ament_cmake' and name 'swarm_robot_description'
[0.295s] Level 1:colcon.colcon_core.package_identification:_identify(src/swarm_robot_gazebo) by extensions ['ignore', 'ignore_ament_install']
[0.295s] Level 1:colcon.colcon_core.package_identification:_identify(src/swarm_robot_gazebo) by extension 'ignore'
[0.295s] Level 1:colcon.colcon_core.package_identification:_identify(src/swarm_robot_gazebo) by extension 'ignore_ament_install'
[0.295s] Level 1:colcon.colcon_core.package_identification:_identify(src/swarm_robot_gazebo) by extensions ['colcon_pkg']
[0.295s] Level 1:colcon.colcon_core.package_identification:_identify(src/swarm_robot_gazebo) by extension 'colcon_pkg'
[0.295s] Level 1:colcon.colcon_core.package_identification:_identify(src/swarm_robot_gazebo) by extensions ['colcon_meta']
[0.295s] Level 1:colcon.colcon_core.package_identification:_identify(src/swarm_robot_gazebo) by extension 'colcon_meta'
[0.295s] Level 1:colcon.colcon_core.package_identification:_identify(src/swarm_robot_gazebo) by extensions ['ros']
[0.295s] Level 1:colcon.colcon_core.package_identification:_identify(src/swarm_robot_gazebo) by extension 'ros'
[0.296s] DEBUG:colcon.colcon_core.package_identification:Package 'src/swarm_robot_gazebo' with type 'ros.ament_python' and name 'swarm_robot_gazebo'
[0.296s] Level 1:colcon.colcon_core.package_discovery:discover_packages(recursive) using defaults
[0.296s] Level 1:colcon.colcon_core.package_discovery:discover_packages(ignore) discover
[0.296s] Level 1:colcon.colcon_core.package_discovery:discover_packages(ignore) using defaults
[0.296s] Level 1:colcon.colcon_core.package_discovery:discover_packages(path) discover
[0.296s] Level 1:colcon.colcon_core.package_discovery:discover_packages(path) using defaults
[0.320s] Level 1:colcon.colcon_core.package_discovery:discover_packages(prefix_path) check parameters
[0.320s] Level 1:colcon.colcon_core.package_discovery:discover_packages(prefix_path) discover
[0.324s] DEBUG:colcon.colcon_installed_package_information.package_discovery:Found 6 installed packages in /home/kits/colcon_ws/install
[0.324s] DEBUG:colcon.colcon_installed_package_information.package_discovery:Found 359 installed packages in /opt/ros/humble
[0.325s] Level 1:colcon.colcon_core.package_discovery:discover_packages(prefix_path) using defaults
[0.351s] Level 5:colcon.colcon_core.verb:set package 'swarm_robot_bringup' build argument 'cmake_args' from command line to 'None'
[0.351s] Level 5:colcon.colcon_core.verb:set package 'swarm_robot_bringup' build argument 'cmake_target' from command line to 'None'
[0.351s] Level 5:colcon.colcon_core.verb:set package 'swarm_robot_bringup' build argument 'cmake_target_skip_unavailable' from command line to 'False'
[0.351s] Level 5:colcon.colcon_core.verb:set package 'swarm_robot_bringup' build argument 'cmake_clean_cache' from command line to 'False'
[0.351s] Level 5:colcon.colcon_core.verb:set package 'swarm_robot_bringup' build argument 'cmake_clean_first' from command line to 'False'
[0.351s] Level 5:colcon.colcon_core.verb:set package 'swarm_robot_bringup' build argument 'cmake_force_configure' from command line to 'False'
[0.351s] Level 5:colcon.colcon_core.verb:set package 'swarm_robot_bringup' build argument 'ament_cmake_args' from command line to 'None'
[0.351s] Level 5:colcon.colcon_core.verb:set package 'swarm_robot_bringup' build argument 'catkin_cmake_args' from command line to 'None'
[0.351s] Level 5:colcon.colcon_core.verb:set package 'swarm_robot_bringup' build argument 'catkin_skip_building_tests' from command line to 'False'
[0.351s] DEBUG:colcon.colcon_core.verb:Building package 'swarm_robot_bringup' with the following arguments: {'ament_cmake_args': None, 'build_base': '/home/kits/practise_workspace/build/swarm_robot_bringup', 'catkin_cmake_args': None, 'catkin_skip_building_tests': False, 'cmake_args': None, 'cmake_clean_cache': False, 'cmake_clean_first': False, 'cmake_force_configure': False, 'cmake_target': None, 'cmake_target_skip_unavailable': False, 'install_base': '/home/kits/practise_workspace/install/swarm_robot_bringup', 'merge_install': False, 'path': '/home/kits/practise_workspace/src/swarm_robot_bringup', 'symlink_install': False, 'test_result_base': None}
[0.352s] Level 5:colcon.colcon_core.verb:set package 'swarm_robot_description' build argument 'cmake_args' from command line to 'None'
[0.352s] Level 5:colcon.colcon_core.verb:set package 'swarm_robot_description' build argument 'cmake_target' from command line to 'None'
[0.352s] Level 5:colcon.colcon_core.verb:set package 'swarm_robot_description' build argument 'cmake_target_skip_unavailable' from command line to 'False'
[0.352s] Level 5:colcon.colcon_core.verb:set package 'swarm_robot_description' build argument 'cmake_clean_cache' from command line to 'False'
[0.352s] Level 5:colcon.colcon_core.verb:set package 'swarm_robot_description' build argument 'cmake_clean_first' from command line to 'False'
[0.352s] Level 5:colcon.colcon_core.verb:set package 'swarm_robot_description' build argument 'cmake_force_configure' from command line to 'False'
[0.352s] Level 5:colcon.colcon_core.verb:set package 'swarm_robot_description' build argument 'ament_cmake_args' from command line to 'None'
[0.352s] Level 5:colcon.colcon_core.verb:set package 'swarm_robot_description' build argument 'catkin_cmake_args' from command line to 'None'
[0.352s] Level 5:colcon.colcon_core.verb:set package 'swarm_robot_description' build argument 'catkin_skip_building_tests' from command line to 'False'
[0.352s] DEBUG:colcon.colcon_core.verb:Building package 'swarm_robot_description' with the following arguments: {'ament_cmake_args': None, 'build_base': '/home/kits/practise_workspace/build/swarm_robot_description', 'catkin_cmake_args': None, 'catkin_skip_building_tests': False, 'cmake_args': None, 'cmake_clean_cache': False, 'cmake_clean_first': False, 'cmake_force_configure': False, 'cmake_target': None, 'cmake_target_skip_unavailable': False, 'install_base': '/home/kits/practise_workspace/install/swarm_robot_description', 'merge_install': False, 'path': '/home/kits/practise_workspace/src/swarm_robot_description', 'symlink_install': False, 'test_result_base': None}
[0.352s] Level 5:colcon.colcon_core.verb:set package 'swarm_robot_gazebo' build argument 'cmake_args' from command line to 'None'
[0.352s] Level 5:colcon.colcon_core.verb:set package 'swarm_robot_gazebo' build argument 'cmake_target' from command line to 'None'
[0.352s] Level 5:colcon.colcon_core.verb:set package 'swarm_robot_gazebo' build argument 'cmake_target_skip_unavailable' from command line to 'False'
[0.352s] Level 5:colcon.colcon_core.verb:set package 'swarm_robot_gazebo' build argument 'cmake_clean_cache' from command line to 'False'
[0.352s] Level 5:colcon.colcon_core.verb:set package 'swarm_robot_gazebo' build argument 'cmake_clean_first' from command line to 'False'
[0.352s] Level 5:colcon.colcon_core.verb:set package 'swarm_robot_gazebo' build argument 'cmake_force_configure' from command line to 'False'
[0.352s] Level 5:colcon.colcon_core.verb:set package 'swarm_robot_gazebo' build argument 'ament_cmake_args' from command line to 'None'
[0.352s] Level 5:colcon.colcon_core.verb:set package 'swarm_robot_gazebo' build argument 'catkin_cmake_args' from command line to 'None'
[0.352s] Level 5:colcon.colcon_core.verb:set package 'swarm_robot_gazebo' build argument 'catkin_skip_building_tests' from command line to 'False'
[0.352s] DEBUG:colcon.colcon_core.verb:Building package 'swarm_robot_gazebo' with the following arguments: {'ament_cmake_args': None, 'build_base': '/home/kits/practise_workspace/build/swarm_robot_gazebo', 'catkin_cmake_args': None, 'catkin_skip_building_tests': False, 'cmake_args': None, 'cmake_clean_cache': False, 'cmake_clean_first': False, 'cmake_force_configure': False, 'cmake_target': None, 'cmake_target_skip_unavailable': False, 'install_base': '/home/kits/practise_workspace/install/swarm_robot_gazebo', 'merge_install': False, 'path': '/home/kits/practise_workspace/src/swarm_robot_gazebo', 'symlink_install': False, 'test_result_base': None}
[0.352s] INFO:colcon.colcon_core.executor:Executing jobs using 'parallel' executor
[0.353s] DEBUG:colcon.colcon_parallel_executor.executor.parallel:run_until_complete
[0.353s] INFO:colcon.colcon_ros.task.ament_python.build:Building ROS package in '/home/kits/practise_workspace/src/swarm_robot_bringup' with build type 'ament_python'
[0.353s] Level 1:colcon.colcon_core.shell:create_environment_hook('swarm_robot_bringup', 'ament_prefix_path')
[0.355s] INFO:colcon.colcon_core.plugin_system:Skipping extension 'colcon_core.shell.bat': Not used on non-Windows systems
[0.355s] INFO:colcon.colcon_core.shell:Creating environment hook '/home/kits/practise_workspace/install/swarm_robot_bringup/share/swarm_robot_bringup/hook/ament_prefix_path.ps1'
[0.356s] INFO:colcon.colcon_core.shell:Creating environment descriptor '/home/kits/practise_workspace/install/swarm_robot_bringup/share/swarm_robot_bringup/hook/ament_prefix_path.dsv'
[0.356s] INFO:colcon.colcon_core.shell:Creating environment hook '/home/kits/practise_workspace/install/swarm_robot_bringup/share/swarm_robot_bringup/hook/ament_prefix_path.sh'
[0.357s] INFO:colcon.colcon_core.shell:Skip shell extension 'powershell' for command environment: Not usable outside of PowerShell
[0.357s] DEBUG:colcon.colcon_core.shell:Skip shell extension 'dsv' for command environment
[0.359s] INFO:colcon.colcon_ros.task.ament_cmake.build:Building ROS package in '/home/kits/practise_workspace/src/swarm_robot_description' with build type 'ament_cmake'
[0.359s] INFO:colcon.colcon_cmake.task.cmake.build:Building CMake package in '/home/kits/practise_workspace/src/swarm_robot_description'
[0.359s] INFO:colcon.colcon_core.shell:Skip shell extension 'powershell' for command environment: Not usable outside of PowerShell
[0.359s] DEBUG:colcon.colcon_core.shell:Skip shell extension 'dsv' for command environment
[0.361s] INFO:colcon.colcon_ros.task.ament_python.build:Building ROS package in '/home/kits/practise_workspace/src/swarm_robot_gazebo' with build type 'ament_python'
[0.361s] Level 1:colcon.colcon_core.shell:create_environment_hook('swarm_robot_gazebo', 'ament_prefix_path')
[0.361s] INFO:colcon.colcon_core.shell:Creating environment hook '/home/kits/practise_workspace/install/swarm_robot_gazebo/share/swarm_robot_gazebo/hook/ament_prefix_path.ps1'
[0.362s] INFO:colcon.colcon_core.shell:Creating environment descriptor '/home/kits/practise_workspace/install/swarm_robot_gazebo/share/swarm_robot_gazebo/hook/ament_prefix_path.dsv'
[0.362s] INFO:colcon.colcon_core.shell:Creating environment hook '/home/kits/practise_workspace/install/swarm_robot_gazebo/share/swarm_robot_gazebo/hook/ament_prefix_path.sh'
[0.362s] INFO:colcon.colcon_core.shell:Skip shell extension 'powershell' for command environment: Not usable outside of PowerShell
[0.362s] DEBUG:colcon.colcon_core.shell:Skip shell extension 'dsv' for command environment
[0.509s] INFO:colcon.colcon_core.task.python.build:Building Python package in '/home/kits/practise_workspace/src/swarm_robot_bringup'
[0.509s] INFO:colcon.colcon_core.shell:Skip shell extension 'powershell' for command environment: Not usable outside of PowerShell
[0.509s] DEBUG:colcon.colcon_core.shell:Skip shell extension 'dsv' for command environment
[0.515s] DEBUG:colcon.colcon_core.event_handler.log_command:Invoking command in '/home/kits/practise_workspace/build/swarm_robot_description': CMAKE_PREFIX_PATH=${CMAKE_PREFIX_PATH}:/opt/ros/humble /usr/bin/cmake --build /home/kits/practise_workspace/build/swarm_robot_description -- -j16 -l16
[0.654s] INFO:colcon.colcon_core.task.python.build:Building Python package in '/home/kits/practise_workspace/src/swarm_robot_gazebo'
[0.654s] INFO:colcon.colcon_core.shell:Skip shell extension 'powershell' for command environment: Not usable outside of PowerShell
[0.654s] DEBUG:colcon.colcon_core.shell:Skip shell extension 'dsv' for command environment
[0.736s] DEBUG:colcon.colcon_core.event_handler.log_command:Invoked command in '/home/kits/practise_workspace/build/swarm_robot_description' returned '0': CMAKE_PREFIX_PATH=${CMAKE_PREFIX_PATH}:/opt/ros/humble /usr/bin/cmake --build /home/kits/practise_workspace/build/swarm_robot_description -- -j16 -l16
[0.744s] DEBUG:colcon.colcon_core.event_handler.log_command:Invoking command in '/home/kits/practise_workspace/build/swarm_robot_description': CMAKE_PREFIX_PATH=${CMAKE_PREFIX_PATH}:/opt/ros/humble /usr/bin/cmake --install /home/kits/practise_workspace/build/swarm_robot_description
[0.750s] Level 1:colcon.colcon_core.environment:create_environment_scripts_only(swarm_robot_description)
[0.751s] DEBUG:colcon.colcon_core.event_handler.log_command:Invoked command in '/home/kits/practise_workspace/build/swarm_robot_description' returned '0': CMAKE_PREFIX_PATH=${CMAKE_PREFIX_PATH}:/opt/ros/humble /usr/bin/cmake --install /home/kits/practise_workspace/build/swarm_robot_description
[0.754s] Level 1:colcon.colcon_core.environment:checking '/home/kits/practise_workspace/install/swarm_robot_description' for CMake module files
[0.754s] Level 1:colcon.colcon_core.environment:checking '/home/kits/practise_workspace/install/swarm_robot_description' for CMake config files
[0.754s] Level 1:colcon.colcon_core.shell:create_environment_hook('swarm_robot_description', 'cmake_prefix_path')
[0.754s] INFO:colcon.colcon_core.shell:Creating environment hook '/home/kits/practise_workspace/install/swarm_robot_description/share/swarm_robot_description/hook/cmake_prefix_path.ps1'
[0.754s] INFO:colcon.colcon_core.shell:Creating environment descriptor '/home/kits/practise_workspace/install/swarm_robot_description/share/swarm_robot_description/hook/cmake_prefix_path.dsv'
[0.754s] INFO:colcon.colcon_core.shell:Creating environment hook '/home/kits/practise_workspace/install/swarm_robot_description/share/swarm_robot_description/hook/cmake_prefix_path.sh'
[0.755s] Level 1:colcon.colcon_core.environment:checking '/home/kits/practise_workspace/install/swarm_robot_description/bin'
[0.755s] Level 1:colcon.colcon_core.environment:checking '/home/kits/practise_workspace/install/swarm_robot_description/lib/pkgconfig/swarm_robot_description.pc'
[0.755s] Level 1:colcon.colcon_core.environment:checking '/home/kits/practise_workspace/install/swarm_robot_description/lib/python3.10/site-packages'
[0.755s] Level 1:colcon.colcon_core.environment:checking '/home/kits/practise_workspace/install/swarm_robot_description/bin'
[0.755s] INFO:colcon.colcon_core.shell:Creating package script '/home/kits/practise_workspace/install/swarm_robot_description/share/swarm_robot_description/package.ps1'
[0.756s] INFO:colcon.colcon_core.shell:Creating package descriptor '/home/kits/practise_workspace/install/swarm_robot_description/share/swarm_robot_description/package.dsv'
[0.756s] INFO:colcon.colcon_core.shell:Creating package script '/home/kits/practise_workspace/install/swarm_robot_description/share/swarm_robot_description/package.sh'
[0.757s] INFO:colcon.colcon_core.shell:Creating package script '/home/kits/practise_workspace/install/swarm_robot_description/share/swarm_robot_description/package.bash'
[0.757s] INFO:colcon.colcon_core.shell:Creating package script '/home/kits/practise_workspace/install/swarm_robot_description/share/swarm_robot_description/package.zsh'
[0.758s] Level 1:colcon.colcon_core.environment:create_file_with_runtime_dependencies(/home/kits/practise_workspace/install/swarm_robot_description/share/colcon-core/packages/swarm_robot_description)
[0.758s] Level 1:colcon.colcon_core.environment:create_environment_scripts_only(swarm_robot_description)
[0.758s] Level 1:colcon.colcon_core.environment:checking '/home/kits/practise_workspace/install/swarm_robot_description' for CMake module files
[0.758s] Level 1:colcon.colcon_core.environment:checking '/home/kits/practise_workspace/install/swarm_robot_description' for CMake config files
[0.758s] Level 1:colcon.colcon_core.shell:create_environment_hook('swarm_robot_description', 'cmake_prefix_path')
[0.758s] INFO:colcon.colcon_core.shell:Creating environment hook '/home/kits/practise_workspace/install/swarm_robot_description/share/swarm_robot_description/hook/cmake_prefix_path.ps1'
[0.759s] INFO:colcon.colcon_core.shell:Creating environment descriptor '/home/kits/practise_workspace/install/swarm_robot_description/share/swarm_robot_description/hook/cmake_prefix_path.dsv'
[0.759s] INFO:colcon.colcon_core.shell:Creating environment hook '/home/kits/practise_workspace/install/swarm_robot_description/share/swarm_robot_description/hook/cmake_prefix_path.sh'
[0.759s] Level 1:colcon.colcon_core.environment:checking '/home/kits/practise_workspace/install/swarm_robot_description/bin'
[0.759s] Level 1:colcon.colcon_core.environment:checking '/home/kits/practise_workspace/install/swarm_robot_description/lib/pkgconfig/swarm_robot_description.pc'
[0.759s] Level 1:colcon.colcon_core.environment:checking '/home/kits/practise_workspace/install/swarm_robot_description/lib/python3.10/site-packages'
[0.759s] Level 1:colcon.colcon_core.environment:checking '/home/kits/practise_workspace/install/swarm_robot_description/bin'
[0.760s] INFO:colcon.colcon_core.shell:Creating package script '/home/kits/practise_workspace/install/swarm_robot_description/share/swarm_robot_description/package.ps1'
[0.760s] INFO:colcon.colcon_core.shell:Creating package descriptor '/home/kits/practise_workspace/install/swarm_robot_description/share/swarm_robot_description/package.dsv'
[0.760s] INFO:colcon.colcon_core.shell:Creating package script '/home/kits/practise_workspace/install/swarm_robot_description/share/swarm_robot_description/package.sh'
[0.760s] INFO:colcon.colcon_core.shell:Creating package script '/home/kits/practise_workspace/install/swarm_robot_description/share/swarm_robot_description/package.bash'
[0.760s] INFO:colcon.colcon_core.shell:Creating package script '/home/kits/practise_workspace/install/swarm_robot_description/share/swarm_robot_description/package.zsh'
[0.761s] Level 1:colcon.colcon_core.environment:create_file_with_runtime_dependencies(/home/kits/practise_workspace/install/swarm_robot_description/share/colcon-core/packages/swarm_robot_description)
[0.969s] DEBUG:colcon.colcon_core.event_handler.log_command:Invoking command in '/home/kits/practise_workspace/src/swarm_robot_gazebo': PYTHONPATH=/home/kits/practise_workspace/build/swarm_robot_gazebo/prefix_override:/usr/lib/python3/dist-packages/colcon_core/task/python/colcon_distutils_commands:/home/kits/practise_workspace/install/swarm_robot_gazebo/lib/python3.10/site-packages:${PYTHONPATH} /usr/bin/python3 -W ignore:setup.py install is deprecated -W ignore:easy_install command is deprecated setup.py egg_info --egg-base ../../build/swarm_robot_gazebo build --build-base /home/kits/practise_workspace/build/swarm_robot_gazebo/build install --record /home/kits/practise_workspace/build/swarm_robot_gazebo/install.log --single-version-externally-managed install_data
[0.970s] DEBUG:colcon.colcon_core.event_handler.log_command:Invoking command in '/home/kits/practise_workspace/src/swarm_robot_bringup': PYTHONPATH=/home/kits/practise_workspace/build/swarm_robot_bringup/prefix_override:/usr/lib/python3/dist-packages/colcon_core/task/python/colcon_distutils_commands:/home/kits/practise_workspace/install/swarm_robot_bringup/lib/python3.10/site-packages:${PYTHONPATH} /usr/bin/python3 -W ignore:setup.py install is deprecated -W ignore:easy_install command is deprecated setup.py egg_info --egg-base ../../build/swarm_robot_bringup build --build-base /home/kits/practise_workspace/build/swarm_robot_bringup/build install --record /home/kits/practise_workspace/build/swarm_robot_bringup/install.log --single-version-externally-managed install_data
[1.133s] Level 1:colcon.colcon_core.environment:checking '/home/kits/practise_workspace/install/swarm_robot_bringup' for CMake module files
[1.134s] DEBUG:colcon.colcon_core.event_handler.log_command:Invoked command in '/home/kits/practise_workspace/src/swarm_robot_bringup' returned '0': PYTHONPATH=/home/kits/practise_workspace/build/swarm_robot_bringup/prefix_override:/usr/lib/python3/dist-packages/colcon_core/task/python/colcon_distutils_commands:/home/kits/practise_workspace/install/swarm_robot_bringup/lib/python3.10/site-packages:${PYTHONPATH} /usr/bin/python3 -W ignore:setup.py install is deprecated -W ignore:easy_install command is deprecated setup.py egg_info --egg-base ../../build/swarm_robot_bringup build --build-base /home/kits/practise_workspace/build/swarm_robot_bringup/build install --record /home/kits/practise_workspace/build/swarm_robot_bringup/install.log --single-version-externally-managed install_data
[1.134s] Level 1:colcon.colcon_core.environment:checking '/home/kits/practise_workspace/install/swarm_robot_bringup' for CMake config files
[1.134s] Level 1:colcon.colcon_core.environment:checking '/home/kits/practise_workspace/install/swarm_robot_bringup/lib'
[1.134s] Level 1:colcon.colcon_core.environment:checking '/home/kits/practise_workspace/install/swarm_robot_bringup/bin'
[1.134s] Level 1:colcon.colcon_core.environment:checking '/home/kits/practise_workspace/install/swarm_robot_bringup/lib/pkgconfig/swarm_robot_bringup.pc'
[1.134s] Level 1:colcon.colcon_core.environment:checking '/home/kits/practise_workspace/install/swarm_robot_bringup/lib/python3.10/site-packages'
[1.134s] Level 1:colcon.colcon_core.shell:create_environment_hook('swarm_robot_bringup', 'pythonpath')
[1.135s] INFO:colcon.colcon_core.shell:Creating environment hook '/home/kits/practise_workspace/install/swarm_robot_bringup/share/swarm_robot_bringup/hook/pythonpath.ps1'
[1.135s] INFO:colcon.colcon_core.shell:Creating environment descriptor '/home/kits/practise_workspace/install/swarm_robot_bringup/share/swarm_robot_bringup/hook/pythonpath.dsv'
[1.135s] INFO:colcon.colcon_core.shell:Creating environment hook '/home/kits/practise_workspace/install/swarm_robot_bringup/share/swarm_robot_bringup/hook/pythonpath.sh'
[1.135s] Level 1:colcon.colcon_core.environment:checking '/home/kits/practise_workspace/install/swarm_robot_bringup/bin'
[1.135s] Level 1:colcon.colcon_core.environment:create_environment_scripts_only(swarm_robot_bringup)
[1.136s] INFO:colcon.colcon_core.shell:Creating package script '/home/kits/practise_workspace/install/swarm_robot_bringup/share/swarm_robot_bringup/package.ps1'
[1.136s] INFO:colcon.colcon_core.shell:Creating package descriptor '/home/kits/practise_workspace/install/swarm_robot_bringup/share/swarm_robot_bringup/package.dsv'
[1.136s] INFO:colcon.colcon_core.shell:Creating package script '/home/kits/practise_workspace/install/swarm_robot_bringup/share/swarm_robot_bringup/package.sh'
[1.137s] INFO:colcon.colcon_core.shell:Creating package script '/home/kits/practise_workspace/install/swarm_robot_bringup/share/swarm_robot_bringup/package.bash'
[1.137s] INFO:colcon.colcon_core.shell:Creating package script '/home/kits/practise_workspace/install/swarm_robot_bringup/share/swarm_robot_bringup/package.zsh'
[1.137s] Level 1:colcon.colcon_core.environment:create_file_with_runtime_dependencies(/home/kits/practise_workspace/install/swarm_robot_bringup/share/colcon-core/packages/swarm_robot_bringup)
[1.138s] Level 1:colcon.colcon_core.environment:checking '/home/kits/practise_workspace/install/swarm_robot_gazebo' for CMake module files
[1.138s] DEBUG:colcon.colcon_core.event_handler.log_command:Invoked command in '/home/kits/practise_workspace/src/swarm_robot_gazebo' returned '0': PYTHONPATH=/home/kits/practise_workspace/build/swarm_robot_gazebo/prefix_override:/usr/lib/python3/dist-packages/colcon_core/task/python/colcon_distutils_commands:/home/kits/practise_workspace/install/swarm_robot_gazebo/lib/python3.10/site-packages:${PYTHONPATH} /usr/bin/python3 -W ignore:setup.py install is deprecated -W ignore:easy_install command is deprecated setup.py egg_info --egg-base ../../build/swarm_robot_gazebo build --build-base /home/kits/practise_workspace/build/swarm_robot_gazebo/build install --record /home/kits/practise_workspace/build/swarm_robot_gazebo/install.log --single-version-externally-managed install_data
[1.138s] Level 1:colcon.colcon_core.environment:checking '/home/kits/practise_workspace/install/swarm_robot_gazebo' for CMake config files
[1.139s] Level 1:colcon.colcon_core.environment:checking '/home/kits/practise_workspace/install/swarm_robot_gazebo/lib'
[1.139s] Level 1:colcon.colcon_core.environment:checking '/home/kits/practise_workspace/install/swarm_robot_gazebo/bin'
[1.139s] Level 1:colcon.colcon_core.environment:checking '/home/kits/practise_workspace/install/swarm_robot_gazebo/lib/pkgconfig/swarm_robot_gazebo.pc'
[1.139s] Level 1:colcon.colcon_core.environment:checking '/home/kits/practise_workspace/install/swarm_robot_gazebo/lib/python3.10/site-packages'
[1.139s] Level 1:colcon.colcon_core.shell:create_environment_hook('swarm_robot_gazebo', 'pythonpath')
[1.139s] INFO:colcon.colcon_core.shell:Creating environment hook '/home/kits/practise_workspace/install/swarm_robot_gazebo/share/swarm_robot_gazebo/hook/pythonpath.ps1'
[1.139s] INFO:colcon.colcon_core.shell:Creating environment descriptor '/home/kits/practise_workspace/install/swarm_robot_gazebo/share/swarm_robot_gazebo/hook/pythonpath.dsv'
[1.139s] INFO:colcon.colcon_core.shell:Creating environment hook '/home/kits/practise_workspace/install/swarm_robot_gazebo/share/swarm_robot_gazebo/hook/pythonpath.sh'
[1.140s] Level 1:colcon.colcon_core.environment:checking '/home/kits/practise_workspace/install/swarm_robot_gazebo/bin'
[1.140s] Level 1:colcon.colcon_core.environment:create_environment_scripts_only(swarm_robot_gazebo)
[1.140s] INFO:colcon.colcon_core.shell:Creating package script '/home/kits/practise_workspace/install/swarm_robot_gazebo/share/swarm_robot_gazebo/package.ps1'
[1.140s] INFO:colcon.colcon_core.shell:Creating package descriptor '/home/kits/practise_workspace/install/swarm_robot_gazebo/share/swarm_robot_gazebo/package.dsv'
[1.141s] INFO:colcon.colcon_core.shell:Creating package script '/home/kits/practise_workspace/install/swarm_robot_gazebo/share/swarm_robot_gazebo/package.sh'
[1.141s] INFO:colcon.colcon_core.shell:Creating package script '/home/kits/practise_workspace/install/swarm_robot_gazebo/share/swarm_robot_gazebo/package.bash'
[1.141s] INFO:colcon.colcon_core.shell:Creating package script '/home/kits/practise_workspace/install/swarm_robot_gazebo/share/swarm_robot_gazebo/package.zsh'
[1.141s] Level 1:colcon.colcon_core.environment:create_file_with_runtime_dependencies(/home/kits/practise_workspace/install/swarm_robot_gazebo/share/colcon-core/packages/swarm_robot_gazebo)
[1.141s] DEBUG:colcon.colcon_parallel_executor.executor.parallel:closing loop
[1.141s] DEBUG:colcon.colcon_parallel_executor.executor.parallel:loop closed
[1.141s] DEBUG:colcon.colcon_parallel_executor.executor.parallel:run_until_complete finished with '0'
[1.141s] DEBUG:colcon.colcon_core.event_reactor:joining thread
[1.146s] INFO:colcon.colcon_core.plugin_system:Skipping extension 'colcon_notification.desktop_notification.terminal_notifier': Not used on non-Darwin systems
[1.146s] INFO:colcon.colcon_core.plugin_system:Skipping extension 'colcon_notification.desktop_notification.win32': Not used on non-Windows systems
[1.146s] INFO:colcon.colcon_notification.desktop_notification:Sending desktop notification using 'notify2'
[1.159s] DEBUG:colcon.colcon_core.event_reactor:joined thread
[1.159s] INFO:colcon.colcon_core.shell:Creating prefix script '/home/kits/practise_workspace/install/local_setup.ps1'
[1.160s] INFO:colcon.colcon_core.shell:Creating prefix util module '/home/kits/practise_workspace/install/_local_setup_util_ps1.py'
[1.162s] INFO:colcon.colcon_core.shell:Creating prefix chain script '/home/kits/practise_workspace/install/setup.ps1'
[1.163s] INFO:colcon.colcon_core.shell:Creating prefix script '/home/kits/practise_workspace/install/local_setup.sh'
[1.164s] INFO:colcon.colcon_core.shell:Creating prefix util module '/home/kits/practise_workspace/install/_local_setup_util_sh.py'
[1.164s] INFO:colcon.colcon_core.shell:Creating prefix chain script '/home/kits/practise_workspace/install/setup.sh'
[1.165s] INFO:colcon.colcon_core.shell:Creating prefix script '/home/kits/practise_workspace/install/local_setup.bash'
[1.165s] INFO:colcon.colcon_core.shell:Creating prefix chain script '/home/kits/practise_workspace/install/setup.bash'
[1.166s] INFO:colcon.colcon_core.shell:Creating prefix script '/home/kits/practise_workspace/install/local_setup.zsh'
[1.167s] INFO:colcon.colcon_core.shell:Creating prefix chain script '/home/kits/practise_workspace/install/setup.zsh'
