[0.153s] Invoking command in '/home/kits/practise_workspace/build/swarm_robot_description': CMAKE_PREFIX_PATH=${CMAKE_PREFIX_PATH}:/home/kits/practise_workspace/install/swarm_robot_gazebo:/home/kits/practise_workspace/install/swarm_robot_bringup:/opt/ros/humble /usr/bin/cmake --build /home/kits/practise_workspace/build/swarm_robot_description -- -j16 -l16
[0.300s] Invoked command in '/home/kits/practise_workspace/build/swarm_robot_description' returned '0': CMAKE_PREFIX_PATH=${CMAKE_PREFIX_PATH}:/home/kits/practise_workspace/install/swarm_robot_gazebo:/home/kits/practise_workspace/install/swarm_robot_bringup:/opt/ros/humble /usr/bin/cmake --build /home/kits/practise_workspace/build/swarm_robot_description -- -j16 -l16
[0.307s] Invoking command in '/home/kits/practise_workspace/build/swarm_robot_description': CMAKE_PREFIX_PATH=${CMAKE_PREFIX_PATH}:/home/kits/practise_workspace/install/swarm_robot_gazebo:/home/kits/practise_workspace/install/swarm_robot_bringup:/opt/ros/humble /usr/bin/cmake --install /home/kits/practise_workspace/build/swarm_robot_description
[0.313s] -- Install configuration: ""
[0.313s] -- Up-to-date: /home/kits/practise_workspace/install/swarm_robot_description/share/swarm_robot_description/urdf
[0.313s] -- Up-to-date: /home/kits/practise_workspace/install/swarm_robot_description/share/swarm_robot_description/urdf/common_properties.urdf
[0.313s] -- Up-to-date: /home/kits/practise_workspace/install/swarm_robot_description/share/swarm_robot_description/urdf/turtlebot3_burger.urdf
[0.313s] -- Up-to-date: /home/kits/practise_workspace/install/swarm_robot_description/share/swarm_robot_description/urdf/turtlebot3_waffle_pi.urdf
[0.313s] -- Up-to-date: /home/kits/practise_workspace/install/swarm_robot_description/share/swarm_robot_description/urdf/turtlebot3_waffle.urdf
[0.313s] -- Up-to-date: /home/kits/practise_workspace/install/swarm_robot_description/share/swarm_robot_description/meshes
[0.313s] -- Up-to-date: /home/kits/practise_workspace/install/swarm_robot_description/share/swarm_robot_description/meshes/sensors
[0.313s] -- Up-to-date: /home/kits/practise_workspace/install/swarm_robot_description/share/swarm_robot_description/meshes/sensors/r200.jpg
[0.313s] -- Up-to-date: /home/kits/practise_workspace/install/swarm_robot_description/share/swarm_robot_description/meshes/sensors/astra.jpg
[0.314s] -- Up-to-date: /home/kits/practise_workspace/install/swarm_robot_description/share/swarm_robot_description/meshes/sensors/lds.stl
[0.314s] -- Up-to-date: /home/kits/practise_workspace/install/swarm_robot_description/share/swarm_robot_description/meshes/sensors/astra.dae
[0.314s] -- Up-to-date: /home/kits/practise_workspace/install/swarm_robot_description/share/swarm_robot_description/meshes/sensors/r200.dae
[0.314s] -- Up-to-date: /home/kits/practise_workspace/install/swarm_robot_description/share/swarm_robot_description/meshes/wheels
[0.314s] -- Up-to-date: /home/kits/practise_workspace/install/swarm_robot_description/share/swarm_robot_description/meshes/wheels/left_tire.stl
[0.314s] -- Up-to-date: /home/kits/practise_workspace/install/swarm_robot_description/share/swarm_robot_description/meshes/wheels/right_tire.stl
[0.314s] -- Up-to-date: /home/kits/practise_workspace/install/swarm_robot_description/share/swarm_robot_description/meshes/bases
[0.315s] -- Up-to-date: /home/kits/practise_workspace/install/swarm_robot_description/share/swarm_robot_description/meshes/bases/waffle_base.stl
[0.315s] -- Up-to-date: /home/kits/practise_workspace/install/swarm_robot_description/share/swarm_robot_description/meshes/bases/waffle_pi_base.stl
[0.315s] -- Up-to-date: /home/kits/practise_workspace/install/swarm_robot_description/share/swarm_robot_description/meshes/bases/burger_base.stl
[0.315s] -- Up-to-date: /home/kits/practise_workspace/install/swarm_robot_description/share/swarm_robot_description/launch
[0.315s] -- Up-to-date: /home/kits/practise_workspace/install/swarm_robot_description/share/swarm_robot_description/launch/visualize.launch.py
[0.315s] -- Up-to-date: /home/kits/practise_workspace/install/swarm_robot_description/share/swarm_robot_description/rviz
[0.316s] -- Up-to-date: /home/kits/practise_workspace/install/swarm_robot_description/share/ament_index/resource_index/package_run_dependencies/swarm_robot_description
[0.316s] -- Up-to-date: /home/kits/practise_workspace/install/swarm_robot_description/share/ament_index/resource_index/parent_prefix_path/swarm_robot_description
[0.316s] -- Up-to-date: /home/kits/practise_workspace/install/swarm_robot_description/share/swarm_robot_description/environment/ament_prefix_path.sh
[0.316s] -- Up-to-date: /home/kits/practise_workspace/install/swarm_robot_description/share/swarm_robot_description/environment/ament_prefix_path.dsv
[0.316s] -- Up-to-date: /home/kits/practise_workspace/install/swarm_robot_description/share/swarm_robot_description/environment/path.sh
[0.316s] -- Up-to-date: /home/kits/practise_workspace/install/swarm_robot_description/share/swarm_robot_description/environment/path.dsv
[0.316s] -- Up-to-date: /home/kits/practise_workspace/install/swarm_robot_description/share/swarm_robot_description/local_setup.bash
[0.316s] -- Up-to-date: /home/kits/practise_workspace/install/swarm_robot_description/share/swarm_robot_description/local_setup.sh
[0.316s] -- Up-to-date: /home/kits/practise_workspace/install/swarm_robot_description/share/swarm_robot_description/local_setup.zsh
[0.316s] -- Up-to-date: /home/kits/practise_workspace/install/swarm_robot_description/share/swarm_robot_description/local_setup.dsv
[0.316s] -- Up-to-date: /home/kits/practise_workspace/install/swarm_robot_description/share/swarm_robot_description/package.dsv
[0.316s] -- Up-to-date: /home/kits/practise_workspace/install/swarm_robot_description/share/ament_index/resource_index/packages/swarm_robot_description
[0.316s] -- Up-to-date: /home/kits/practise_workspace/install/swarm_robot_description/share/swarm_robot_description/cmake/swarm_robot_descriptionConfig.cmake
[0.316s] -- Up-to-date: /home/kits/practise_workspace/install/swarm_robot_description/share/swarm_robot_description/cmake/swarm_robot_descriptionConfig-version.cmake
[0.317s] -- Up-to-date: /home/kits/practise_workspace/install/swarm_robot_description/share/swarm_robot_description/package.xml
[0.317s] Invoked command in '/home/kits/practise_workspace/build/swarm_robot_description' returned '0': CMAKE_PREFIX_PATH=${CMAKE_PREFIX_PATH}:/home/kits/practise_workspace/install/swarm_robot_gazebo:/home/kits/practise_workspace/install/swarm_robot_bringup:/opt/ros/humble /usr/bin/cmake --install /home/kits/practise_workspace/build/swarm_robot_description
