[0.149s] Invoking command in '/home/kits/practise_workspace/build/swarm_robot_description': CMAKE_PREFIX_PATH=${CMAKE_PREFIX_PATH}:/opt/ros/humble /usr/bin/cmake /home/kits/practise_workspace/src/swarm_robot_description -DCMAKE_INSTALL_PREFIX=/home/kits/practise_workspace/install/swarm_robot_description
[0.243s] -- The C compiler identification is GNU 11.4.0
[0.341s] -- The CXX compiler identification is GNU 11.4.0
[0.350s] -- Detecting C compiler ABI info
[0.408s] -- Detecting C compiler ABI info - done
[0.414s] -- Check for working C compiler: /usr/bin/cc - skipped
[0.414s] -- Detecting C compile features
[0.415s] -- Detecting C compile features - done
[0.417s] -- Detecting CXX compiler ABI info
[0.479s] -- Detecting CXX compiler ABI info - done
[0.485s] -- Check for working CXX compiler: /usr/bin/c++ - skipped
[0.486s] -- Detecting CXX compile features
[0.486s] -- Detecting CXX compile features - done
[0.491s] -- Found ament_cmake: 1.3.12 (/opt/ros/humble/share/ament_cmake/cmake)
[0.605s] -- Found Python3: /usr/bin/python3 (found version "3.10.12") found components: Interpreter 
[0.686s] -- Found ament_lint_auto: 0.12.14 (/opt/ros/humble/share/ament_lint_auto/cmake)
[0.745s] -- Added test 'lint_cmake' to check CMake code style
[0.746s] -- Added test 'xmllint' to check XML markup files
[0.747s] -- Configuring done
[0.749s] -- Generating done
[0.749s] -- Build files have been written to: /home/kits/practise_workspace/build/swarm_robot_description
[0.752s] Invoked command in '/home/kits/practise_workspace/build/swarm_robot_description' returned '0': CMAKE_PREFIX_PATH=${CMAKE_PREFIX_PATH}:/opt/ros/humble /usr/bin/cmake /home/kits/practise_workspace/src/swarm_robot_description -DCMAKE_INSTALL_PREFIX=/home/kits/practise_workspace/install/swarm_robot_description
[0.754s] Invoking command in '/home/kits/practise_workspace/build/swarm_robot_description': CMAKE_PREFIX_PATH=${CMAKE_PREFIX_PATH}:/opt/ros/humble /usr/bin/cmake --build /home/kits/practise_workspace/build/swarm_robot_description -- -j16 -l16
[0.782s] Invoked command in '/home/kits/practise_workspace/build/swarm_robot_description' returned '0': CMAKE_PREFIX_PATH=${CMAKE_PREFIX_PATH}:/opt/ros/humble /usr/bin/cmake --build /home/kits/practise_workspace/build/swarm_robot_description -- -j16 -l16
[0.790s] Invoking command in '/home/kits/practise_workspace/build/swarm_robot_description': CMAKE_PREFIX_PATH=${CMAKE_PREFIX_PATH}:/opt/ros/humble /usr/bin/cmake --install /home/kits/practise_workspace/build/swarm_robot_description
[0.797s] -- Install configuration: ""
[0.797s] -- Installing: /home/kits/practise_workspace/install/swarm_robot_description/share/ament_index/resource_index/package_run_dependencies/swarm_robot_description
[0.797s] -- Installing: /home/kits/practise_workspace/install/swarm_robot_description/share/ament_index/resource_index/parent_prefix_path/swarm_robot_description
[0.797s] -- Installing: /home/kits/practise_workspace/install/swarm_robot_description/share/swarm_robot_description/environment/ament_prefix_path.sh
[0.797s] -- Installing: /home/kits/practise_workspace/install/swarm_robot_description/share/swarm_robot_description/environment/ament_prefix_path.dsv
[0.798s] -- Installing: /home/kits/practise_workspace/install/swarm_robot_description/share/swarm_robot_description/environment/path.sh
[0.798s] -- Installing: /home/kits/practise_workspace/install/swarm_robot_description/share/swarm_robot_description/environment/path.dsv
[0.798s] -- Installing: /home/kits/practise_workspace/install/swarm_robot_description/share/swarm_robot_description/local_setup.bash
[0.798s] -- Installing: /home/kits/practise_workspace/install/swarm_robot_description/share/swarm_robot_description/local_setup.sh
[0.798s] -- Installing: /home/kits/practise_workspace/install/swarm_robot_description/share/swarm_robot_description/local_setup.zsh
[0.798s] -- Installing: /home/kits/practise_workspace/install/swarm_robot_description/share/swarm_robot_description/local_setup.dsv
[0.798s] -- Installing: /home/kits/practise_workspace/install/swarm_robot_description/share/swarm_robot_description/package.dsv
[0.798s] -- Installing: /home/kits/practise_workspace/install/swarm_robot_description/share/ament_index/resource_index/packages/swarm_robot_description
[0.798s] -- Installing: /home/kits/practise_workspace/install/swarm_robot_description/share/swarm_robot_description/cmake/swarm_robot_descriptionConfig.cmake
[0.799s] -- Installing: /home/kits/practise_workspace/install/swarm_robot_description/share/swarm_robot_description/cmake/swarm_robot_descriptionConfig-version.cmake
[0.799s] -- Installing: /home/kits/practise_workspace/install/swarm_robot_description/share/swarm_robot_description/package.xml
[0.808s] Invoked command in '/home/kits/practise_workspace/build/swarm_robot_description' returned '0': CMAKE_PREFIX_PATH=${CMAKE_PREFIX_PATH}:/opt/ros/humble /usr/bin/cmake --install /home/kits/practise_workspace/build/swarm_robot_description
