[0.543s] Invoking command in '/home/kits/practise_workspace/src/swarm_robot_bringup': PYTHONPATH=/home/kits/practise_workspace/build/swarm_robot_bringup/prefix_override:/usr/lib/python3/dist-packages/colcon_core/task/python/colcon_distutils_commands:/home/kits/practise_workspace/install/swarm_robot_bringup/lib/python3.10/site-packages:${PYTHONPATH} /usr/bin/python3 -W ignore:setup.py install is deprecated -W ignore:easy_install command is deprecated setup.py egg_info --egg-base ../../build/swarm_robot_bringup build --build-base /home/kits/practise_workspace/build/swarm_robot_bringup/build install --record /home/kits/practise_workspace/build/swarm_robot_bringup/install.log --single-version-externally-managed install_data
[0.677s] running egg_info
[0.677s] writing ../../build/swarm_robot_bringup/swarm_robot_bringup.egg-info/PKG-INFO
[0.677s] writing dependency_links to ../../build/swarm_robot_bringup/swarm_robot_bringup.egg-info/dependency_links.txt
[0.677s] writing entry points to ../../build/swarm_robot_bringup/swarm_robot_bringup.egg-info/entry_points.txt
[0.677s] writing requirements to ../../build/swarm_robot_bringup/swarm_robot_bringup.egg-info/requires.txt
[0.677s] writing top-level names to ../../build/swarm_robot_bringup/swarm_robot_bringup.egg-info/top_level.txt
[0.678s] reading manifest file '../../build/swarm_robot_bringup/swarm_robot_bringup.egg-info/SOURCES.txt'
[0.678s] writing manifest file '../../build/swarm_robot_bringup/swarm_robot_bringup.egg-info/SOURCES.txt'
[0.678s] running build
[0.678s] running build_py
[0.678s] running install
[0.679s] running install_lib
[0.679s] running install_data
[0.679s] running install_egg_info
[0.681s] removing '/home/kits/practise_workspace/install/swarm_robot_bringup/lib/python3.10/site-packages/swarm_robot_bringup-0.0.0-py3.10.egg-info' (and everything under it)
[0.681s] Copying ../../build/swarm_robot_bringup/swarm_robot_bringup.egg-info to /home/kits/practise_workspace/install/swarm_robot_bringup/lib/python3.10/site-packages/swarm_robot_bringup-0.0.0-py3.10.egg-info
[0.681s] running install_scripts
[0.693s] writing list of installed files to '/home/kits/practise_workspace/build/swarm_robot_bringup/install.log'
[0.708s] Invoked command in '/home/kits/practise_workspace/src/swarm_robot_bringup' returned '0': PYTHONPATH=/home/kits/practise_workspace/build/swarm_robot_bringup/prefix_override:/usr/lib/python3/dist-packages/colcon_core/task/python/colcon_distutils_commands:/home/kits/practise_workspace/install/swarm_robot_bringup/lib/python3.10/site-packages:${PYTHONPATH} /usr/bin/python3 -W ignore:setup.py install is deprecated -W ignore:easy_install command is deprecated setup.py egg_info --egg-base ../../build/swarm_robot_bringup build --build-base /home/kits/practise_workspace/build/swarm_robot_bringup/build install --record /home/kits/practise_workspace/build/swarm_robot_bringup/install.log --single-version-externally-managed install_data
