[1.355s] Invoking command in '/home/kits/practise_workspace/src/swarm_robot_gazebo': PYTHONPATH=/home/kits/practise_workspace/build/swarm_robot_gazebo/prefix_override:/usr/lib/python3/dist-packages/colcon_core/task/python/colcon_distutils_commands:/home/kits/practise_workspace/install/swarm_robot_gazebo/lib/python3.10/site-packages:${PYTHONPATH} /usr/bin/python3 -W ignore:setup.py install is deprecated -W ignore:easy_install command is deprecated setup.py egg_info --egg-base ../../build/swarm_robot_gazebo build --build-base /home/kits/practise_workspace/build/swarm_robot_gazebo/build install --record /home/kits/practise_workspace/build/swarm_robot_gazebo/install.log --single-version-externally-managed install_data
[1.638s] running egg_info
[1.639s] writing ../../build/swarm_robot_gazebo/swarm_robot_gazebo.egg-info/PKG-INFO
[1.639s] writing dependency_links to ../../build/swarm_robot_gazebo/swarm_robot_gazebo.egg-info/dependency_links.txt
[1.639s] writing entry points to ../../build/swarm_robot_gazebo/swarm_robot_gazebo.egg-info/entry_points.txt
[1.639s] writing requirements to ../../build/swarm_robot_gazebo/swarm_robot_gazebo.egg-info/requires.txt
[1.639s] writing top-level names to ../../build/swarm_robot_gazebo/swarm_robot_gazebo.egg-info/top_level.txt
[1.641s] reading manifest file '../../build/swarm_robot_gazebo/swarm_robot_gazebo.egg-info/SOURCES.txt'
[1.642s] writing manifest file '../../build/swarm_robot_gazebo/swarm_robot_gazebo.egg-info/SOURCES.txt'
[1.642s] running build
[1.642s] running build_py
[1.642s] running install
[1.643s] running install_lib
[1.645s] running install_data
[1.645s] running install_egg_info
[1.649s] removing '/home/kits/practise_workspace/install/swarm_robot_gazebo/lib/python3.10/site-packages/swarm_robot_gazebo-0.0.0-py3.10.egg-info' (and everything under it)
[1.649s] Copying ../../build/swarm_robot_gazebo/swarm_robot_gazebo.egg-info to /home/kits/practise_workspace/install/swarm_robot_gazebo/lib/python3.10/site-packages/swarm_robot_gazebo-0.0.0-py3.10.egg-info
[1.651s] running install_scripts
[1.680s] writing list of installed files to '/home/kits/practise_workspace/build/swarm_robot_gazebo/install.log'
[1.756s] Invoked command in '/home/kits/practise_workspace/src/swarm_robot_gazebo' returned '0': PYTHONPATH=/home/kits/practise_workspace/build/swarm_robot_gazebo/prefix_override:/usr/lib/python3/dist-packages/colcon_core/task/python/colcon_distutils_commands:/home/kits/practise_workspace/install/swarm_robot_gazebo/lib/python3.10/site-packages:${PYTHONPATH} /usr/bin/python3 -W ignore:setup.py install is deprecated -W ignore:easy_install command is deprecated setup.py egg_info --egg-base ../../build/swarm_robot_gazebo build --build-base /home/kits/practise_workspace/build/swarm_robot_gazebo/build install --record /home/kits/practise_workspace/build/swarm_robot_gazebo/install.log --single-version-externally-managed install_data
