[0.061s] DEBUG:colcon:Command line arguments: ['/usr/bin/colcon', 'build']
[0.061s] DEBUG:colcon:Parsed command line arguments: Namespace(log_base=None, log_level=None, verb_name='build', build_base='build', install_base='install', merge_install=False, symlink_install=False, test_result_base=None, continue_on_error=False, executor='parallel', parallel_workers=16, event_handlers=None, ignore_user_meta=False, metas=['./colcon.meta'], base_paths=['.'], packages_ignore=None, packages_ignore_regex=None, paths=None, packages_up_to=None, packages_up_to_regex=None, packages_above=None, packages_above_and_dependencies=None, packages_above_depth=None, packages_select_by_dep=None, packages_skip_by_dep=None, packages_skip_up_to=None, packages_select_build_failed=False, packages_skip_build_finished=False, packages_select_test_failures=False, packages_skip_test_passed=False, packages_select=None, packages_skip=None, packages_select_regex=None, packages_skip_regex=None, packages_start=None, packages_end=None, allow_overriding=[], cmake_args=None, cmake_target=None, cmake_target_skip_unavailable=False, cmake_clean_cache=False, cmake_clean_first=False, cmake_force_configure=False, ament_cmake_args=None, catkin_cmake_args=None, catkin_skip_building_tests=False, mixin_files=None, mixin=None, verb_parser=<colcon_mixin.mixin.mixin_argument.MixinArgumentDecorator object at 0x77e6062566b0>, verb_extension=<colcon_core.verb.build.BuildVerb object at 0x77e606256080>, main=<bound method BuildVerb.main of <colcon_core.verb.build.BuildVerb object at 0x77e606256080>>, mixin_verb=('build',))
[0.150s] Level 1:colcon.colcon_core.package_discovery:discover_packages(colcon_meta) check parameters
[0.150s] Level 1:colcon.colcon_core.package_discovery:discover_packages(recursive) check parameters
[0.150s] Level 1:colcon.colcon_core.package_discovery:discover_packages(ignore) check parameters
[0.150s] Level 1:colcon.colcon_core.package_discovery:discover_packages(path) check parameters
[0.150s] Level 1:colcon.colcon_core.package_discovery:discover_packages(colcon_meta) discover
[0.150s] Level 1:colcon.colcon_core.package_discovery:discover_packages(recursive) discover
[0.150s] INFO:colcon.colcon_core.package_discovery:Crawling recursively for packages in '/home/kits/practise_workspace'
[0.150s] Level 1:colcon.colcon_core.package_identification:_identify(.) by extensions ['ignore', 'ignore_ament_install']
[0.150s] Level 1:colcon.colcon_core.package_identification:_identify(.) by extension 'ignore'
[0.150s] Level 1:colcon.colcon_core.package_identification:_identify(.) by extension 'ignore_ament_install'
[0.150s] Level 1:colcon.colcon_core.package_identification:_identify(.) by extensions ['colcon_pkg']
[0.150s] Level 1:colcon.colcon_core.package_identification:_identify(.) by extension 'colcon_pkg'
[0.150s] Level 1:colcon.colcon_core.package_identification:_identify(.) by extensions ['colcon_meta']
[0.150s] Level 1:colcon.colcon_core.package_identification:_identify(.) by extension 'colcon_meta'
[0.150s] Level 1:colcon.colcon_core.package_identification:_identify(.) by extensions ['ros']
[0.150s] Level 1:colcon.colcon_core.package_identification:_identify(.) by extension 'ros'
[0.157s] Level 1:colcon.colcon_core.package_identification:_identify(.) by extensions ['cmake', 'python']
[0.157s] Level 1:colcon.colcon_core.package_identification:_identify(.) by extension 'cmake'
[0.157s] Level 1:colcon.colcon_core.package_identification:_identify(.) by extension 'python'
[0.157s] Level 1:colcon.colcon_core.package_identification:_identify(.) by extensions ['python_setup_py']
[0.157s] Level 1:colcon.colcon_core.package_identification:_identify(.) by extension 'python_setup_py'
[0.157s] Level 1:colcon.colcon_core.package_identification:_identify(build) by extensions ['ignore', 'ignore_ament_install']
[0.157s] Level 1:colcon.colcon_core.package_identification:_identify(build) by extension 'ignore'
[0.157s] Level 1:colcon.colcon_core.package_identification:_identify(build) ignored
[0.157s] Level 1:colcon.colcon_core.package_identification:_identify(install) by extensions ['ignore', 'ignore_ament_install']
[0.157s] Level 1:colcon.colcon_core.package_identification:_identify(install) by extension 'ignore'
[0.157s] Level 1:colcon.colcon_core.package_identification:_identify(install) ignored
[0.157s] Level 1:colcon.colcon_core.package_identification:_identify(log) by extensions ['ignore', 'ignore_ament_install']
[0.157s] Level 1:colcon.colcon_core.package_identification:_identify(log) by extension 'ignore'
[0.157s] Level 1:colcon.colcon_core.package_identification:_identify(log) ignored
[0.157s] Level 1:colcon.colcon_core.package_identification:_identify(src) by extensions ['ignore', 'ignore_ament_install']
[0.157s] Level 1:colcon.colcon_core.package_identification:_identify(src) by extension 'ignore'
[0.157s] Level 1:colcon.colcon_core.package_identification:_identify(src) by extension 'ignore_ament_install'
[0.157s] Level 1:colcon.colcon_core.package_identification:_identify(src) by extensions ['colcon_pkg']
[0.157s] Level 1:colcon.colcon_core.package_identification:_identify(src) by extension 'colcon_pkg'
[0.157s] Level 1:colcon.colcon_core.package_identification:_identify(src) by extensions ['colcon_meta']
[0.157s] Level 1:colcon.colcon_core.package_identification:_identify(src) by extension 'colcon_meta'
[0.157s] Level 1:colcon.colcon_core.package_identification:_identify(src) by extensions ['ros']
[0.157s] Level 1:colcon.colcon_core.package_identification:_identify(src) by extension 'ros'
[0.157s] Level 1:colcon.colcon_core.package_identification:_identify(src) by extensions ['cmake', 'python']
[0.157s] Level 1:colcon.colcon_core.package_identification:_identify(src) by extension 'cmake'
[0.157s] Level 1:colcon.colcon_core.package_identification:_identify(src) by extension 'python'
[0.157s] Level 1:colcon.colcon_core.package_identification:_identify(src) by extensions ['python_setup_py']
[0.157s] Level 1:colcon.colcon_core.package_identification:_identify(src) by extension 'python_setup_py'
[0.157s] Level 1:colcon.colcon_core.package_identification:_identify(src/swarm_robot_bringup) by extensions ['ignore', 'ignore_ament_install']
[0.158s] Level 1:colcon.colcon_core.package_identification:_identify(src/swarm_robot_bringup) by extension 'ignore'
[0.158s] Level 1:colcon.colcon_core.package_identification:_identify(src/swarm_robot_bringup) by extension 'ignore_ament_install'
[0.158s] Level 1:colcon.colcon_core.package_identification:_identify(src/swarm_robot_bringup) by extensions ['colcon_pkg']
[0.158s] Level 1:colcon.colcon_core.package_identification:_identify(src/swarm_robot_bringup) by extension 'colcon_pkg'
[0.158s] Level 1:colcon.colcon_core.package_identification:_identify(src/swarm_robot_bringup) by extensions ['colcon_meta']
[0.158s] Level 1:colcon.colcon_core.package_identification:_identify(src/swarm_robot_bringup) by extension 'colcon_meta'
[0.158s] Level 1:colcon.colcon_core.package_identification:_identify(src/swarm_robot_bringup) by extensions ['ros']
[0.158s] Level 1:colcon.colcon_core.package_identification:_identify(src/swarm_robot_bringup) by extension 'ros'
[0.159s] DEBUG:colcon.colcon_core.package_identification:Package 'src/swarm_robot_bringup' with type 'ros.ament_python' and name 'swarm_robot_bringup'
[0.159s] Level 1:colcon.colcon_core.package_identification:_identify(src/swarm_robot_description) by extensions ['ignore', 'ignore_ament_install']
[0.159s] Level 1:colcon.colcon_core.package_identification:_identify(src/swarm_robot_description) by extension 'ignore'
[0.159s] Level 1:colcon.colcon_core.package_identification:_identify(src/swarm_robot_description) by extension 'ignore_ament_install'
[0.159s] Level 1:colcon.colcon_core.package_identification:_identify(src/swarm_robot_description) by extensions ['colcon_pkg']
[0.159s] Level 1:colcon.colcon_core.package_identification:_identify(src/swarm_robot_description) by extension 'colcon_pkg'
[0.159s] Level 1:colcon.colcon_core.package_identification:_identify(src/swarm_robot_description) by extensions ['colcon_meta']
[0.159s] Level 1:colcon.colcon_core.package_identification:_identify(src/swarm_robot_description) by extension 'colcon_meta'
[0.159s] Level 1:colcon.colcon_core.package_identification:_identify(src/swarm_robot_description) by extensions ['ros']
[0.159s] Level 1:colcon.colcon_core.package_identification:_identify(src/swarm_robot_description) by extension 'ros'
[0.160s] DEBUG:colcon.colcon_core.package_identification:Package 'src/swarm_robot_description' with type 'ros.ament_cmake' and name 'swarm_robot_description'
[0.160s] Level 1:colcon.colcon_core.package_identification:_identify(src/swarm_robot_gazebo) by extensions ['ignore', 'ignore_ament_install']
[0.160s] Level 1:colcon.colcon_core.package_identification:_identify(src/swarm_robot_gazebo) by extension 'ignore'
[0.160s] Level 1:colcon.colcon_core.package_identification:_identify(src/swarm_robot_gazebo) by extension 'ignore_ament_install'
[0.160s] Level 1:colcon.colcon_core.package_identification:_identify(src/swarm_robot_gazebo) by extensions ['colcon_pkg']
[0.160s] Level 1:colcon.colcon_core.package_identification:_identify(src/swarm_robot_gazebo) by extension 'colcon_pkg'
[0.160s] Level 1:colcon.colcon_core.package_identification:_identify(src/swarm_robot_gazebo) by extensions ['colcon_meta']
[0.160s] Level 1:colcon.colcon_core.package_identification:_identify(src/swarm_robot_gazebo) by extension 'colcon_meta'
[0.160s] Level 1:colcon.colcon_core.package_identification:_identify(src/swarm_robot_gazebo) by extensions ['ros']
[0.160s] Level 1:colcon.colcon_core.package_identification:_identify(src/swarm_robot_gazebo) by extension 'ros'
[0.160s] DEBUG:colcon.colcon_core.package_identification:Package 'src/swarm_robot_gazebo' with type 'ros.ament_python' and name 'swarm_robot_gazebo'
[0.160s] Level 1:colcon.colcon_core.package_discovery:discover_packages(recursive) using defaults
[0.160s] Level 1:colcon.colcon_core.package_discovery:discover_packages(ignore) discover
[0.160s] Level 1:colcon.colcon_core.package_discovery:discover_packages(ignore) using defaults
[0.160s] Level 1:colcon.colcon_core.package_discovery:discover_packages(path) discover
[0.160s] Level 1:colcon.colcon_core.package_discovery:discover_packages(path) using defaults
[0.177s] Level 1:colcon.colcon_core.package_discovery:discover_packages(prefix_path) check parameters
[0.177s] Level 1:colcon.colcon_core.package_discovery:discover_packages(prefix_path) discover
[0.178s] WARNING:colcon.colcon_ros.prefix_path.ament:The path '/home/kits/practise_workspace/install/swarm_robot_gazebo' in the environment variable AMENT_PREFIX_PATH doesn't exist
[0.178s] WARNING:colcon.colcon_ros.prefix_path.ament:The path '/home/kits/practise_workspace/install/swarm_robot_description' in the environment variable AMENT_PREFIX_PATH doesn't exist
[0.178s] WARNING:colcon.colcon_ros.prefix_path.ament:The path '/home/kits/practise_workspace/install/swarm_robot_bringup' in the environment variable AMENT_PREFIX_PATH doesn't exist
[0.178s] WARNING:colcon.colcon_ros.prefix_path.catkin:The path '/home/kits/practise_workspace/install/swarm_robot_description' in the environment variable CMAKE_PREFIX_PATH doesn't exist
[0.178s] DEBUG:colcon.colcon_installed_package_information.package_discovery:Found 0 installed packages in /home/kits/practise_workspace/install
[0.179s] DEBUG:colcon.colcon_installed_package_information.package_discovery:Found 6 installed packages in /home/kits/colcon_ws/install
[0.179s] DEBUG:colcon.colcon_installed_package_information.package_discovery:Found 359 installed packages in /opt/ros/humble
[0.180s] Level 1:colcon.colcon_core.package_discovery:discover_packages(prefix_path) using defaults
[0.204s] Level 5:colcon.colcon_core.verb:set package 'swarm_robot_bringup' build argument 'cmake_args' from command line to 'None'
[0.205s] Level 5:colcon.colcon_core.verb:set package 'swarm_robot_bringup' build argument 'cmake_target' from command line to 'None'
[0.205s] Level 5:colcon.colcon_core.verb:set package 'swarm_robot_bringup' build argument 'cmake_target_skip_unavailable' from command line to 'False'
[0.205s] Level 5:colcon.colcon_core.verb:set package 'swarm_robot_bringup' build argument 'cmake_clean_cache' from command line to 'False'
[0.205s] Level 5:colcon.colcon_core.verb:set package 'swarm_robot_bringup' build argument 'cmake_clean_first' from command line to 'False'
[0.205s] Level 5:colcon.colcon_core.verb:set package 'swarm_robot_bringup' build argument 'cmake_force_configure' from command line to 'False'
[0.205s] Level 5:colcon.colcon_core.verb:set package 'swarm_robot_bringup' build argument 'ament_cmake_args' from command line to 'None'
[0.205s] Level 5:colcon.colcon_core.verb:set package 'swarm_robot_bringup' build argument 'catkin_cmake_args' from command line to 'None'
[0.205s] Level 5:colcon.colcon_core.verb:set package 'swarm_robot_bringup' build argument 'catkin_skip_building_tests' from command line to 'False'
[0.205s] DEBUG:colcon.colcon_core.verb:Building package 'swarm_robot_bringup' with the following arguments: {'ament_cmake_args': None, 'build_base': '/home/kits/practise_workspace/build/swarm_robot_bringup', 'catkin_cmake_args': None, 'catkin_skip_building_tests': False, 'cmake_args': None, 'cmake_clean_cache': False, 'cmake_clean_first': False, 'cmake_force_configure': False, 'cmake_target': None, 'cmake_target_skip_unavailable': False, 'install_base': '/home/kits/practise_workspace/install/swarm_robot_bringup', 'merge_install': False, 'path': '/home/kits/practise_workspace/src/swarm_robot_bringup', 'symlink_install': False, 'test_result_base': None}
[0.205s] Level 5:colcon.colcon_core.verb:set package 'swarm_robot_description' build argument 'cmake_args' from command line to 'None'
[0.205s] Level 5:colcon.colcon_core.verb:set package 'swarm_robot_description' build argument 'cmake_target' from command line to 'None'
[0.205s] Level 5:colcon.colcon_core.verb:set package 'swarm_robot_description' build argument 'cmake_target_skip_unavailable' from command line to 'False'
[0.205s] Level 5:colcon.colcon_core.verb:set package 'swarm_robot_description' build argument 'cmake_clean_cache' from command line to 'False'
[0.205s] Level 5:colcon.colcon_core.verb:set package 'swarm_robot_description' build argument 'cmake_clean_first' from command line to 'False'
[0.205s] Level 5:colcon.colcon_core.verb:set package 'swarm_robot_description' build argument 'cmake_force_configure' from command line to 'False'
[0.205s] Level 5:colcon.colcon_core.verb:set package 'swarm_robot_description' build argument 'ament_cmake_args' from command line to 'None'
[0.205s] Level 5:colcon.colcon_core.verb:set package 'swarm_robot_description' build argument 'catkin_cmake_args' from command line to 'None'
[0.205s] Level 5:colcon.colcon_core.verb:set package 'swarm_robot_description' build argument 'catkin_skip_building_tests' from command line to 'False'
[0.205s] DEBUG:colcon.colcon_core.verb:Building package 'swarm_robot_description' with the following arguments: {'ament_cmake_args': None, 'build_base': '/home/kits/practise_workspace/build/swarm_robot_description', 'catkin_cmake_args': None, 'catkin_skip_building_tests': False, 'cmake_args': None, 'cmake_clean_cache': False, 'cmake_clean_first': False, 'cmake_force_configure': False, 'cmake_target': None, 'cmake_target_skip_unavailable': False, 'install_base': '/home/kits/practise_workspace/install/swarm_robot_description', 'merge_install': False, 'path': '/home/kits/practise_workspace/src/swarm_robot_description', 'symlink_install': False, 'test_result_base': None}
[0.205s] Level 5:colcon.colcon_core.verb:set package 'swarm_robot_gazebo' build argument 'cmake_args' from command line to 'None'
[0.205s] Level 5:colcon.colcon_core.verb:set package 'swarm_robot_gazebo' build argument 'cmake_target' from command line to 'None'
[0.205s] Level 5:colcon.colcon_core.verb:set package 'swarm_robot_gazebo' build argument 'cmake_target_skip_unavailable' from command line to 'False'
[0.205s] Level 5:colcon.colcon_core.verb:set package 'swarm_robot_gazebo' build argument 'cmake_clean_cache' from command line to 'False'
[0.205s] Level 5:colcon.colcon_core.verb:set package 'swarm_robot_gazebo' build argument 'cmake_clean_first' from command line to 'False'
[0.205s] Level 5:colcon.colcon_core.verb:set package 'swarm_robot_gazebo' build argument 'cmake_force_configure' from command line to 'False'
[0.205s] Level 5:colcon.colcon_core.verb:set package 'swarm_robot_gazebo' build argument 'ament_cmake_args' from command line to 'None'
[0.205s] Level 5:colcon.colcon_core.verb:set package 'swarm_robot_gazebo' build argument 'catkin_cmake_args' from command line to 'None'
[0.205s] Level 5:colcon.colcon_core.verb:set package 'swarm_robot_gazebo' build argument 'catkin_skip_building_tests' from command line to 'False'
[0.205s] DEBUG:colcon.colcon_core.verb:Building package 'swarm_robot_gazebo' with the following arguments: {'ament_cmake_args': None, 'build_base': '/home/kits/practise_workspace/build/swarm_robot_gazebo', 'catkin_cmake_args': None, 'catkin_skip_building_tests': False, 'cmake_args': None, 'cmake_clean_cache': False, 'cmake_clean_first': False, 'cmake_force_configure': False, 'cmake_target': None, 'cmake_target_skip_unavailable': False, 'install_base': '/home/kits/practise_workspace/install/swarm_robot_gazebo', 'merge_install': False, 'path': '/home/kits/practise_workspace/src/swarm_robot_gazebo', 'symlink_install': False, 'test_result_base': None}
[0.205s] INFO:colcon.colcon_core.executor:Executing jobs using 'parallel' executor
[0.207s] DEBUG:colcon.colcon_parallel_executor.executor.parallel:run_until_complete
[0.207s] INFO:colcon.colcon_ros.task.ament_python.build:Building ROS package in '/home/kits/practise_workspace/src/swarm_robot_bringup' with build type 'ament_python'
[0.207s] Level 1:colcon.colcon_core.shell:create_environment_hook('swarm_robot_bringup', 'ament_prefix_path')
[0.208s] INFO:colcon.colcon_core.plugin_system:Skipping extension 'colcon_core.shell.bat': Not used on non-Windows systems
[0.208s] INFO:colcon.colcon_core.shell:Creating environment hook '/home/kits/practise_workspace/install/swarm_robot_bringup/share/swarm_robot_bringup/hook/ament_prefix_path.ps1'
[0.209s] INFO:colcon.colcon_core.shell:Creating environment descriptor '/home/kits/practise_workspace/install/swarm_robot_bringup/share/swarm_robot_bringup/hook/ament_prefix_path.dsv'
[0.209s] INFO:colcon.colcon_core.shell:Creating environment hook '/home/kits/practise_workspace/install/swarm_robot_bringup/share/swarm_robot_bringup/hook/ament_prefix_path.sh'
[0.209s] INFO:colcon.colcon_core.shell:Skip shell extension 'powershell' for command environment: Not usable outside of PowerShell
[0.209s] DEBUG:colcon.colcon_core.shell:Skip shell extension 'dsv' for command environment
[0.212s] INFO:colcon.colcon_ros.task.ament_cmake.build:Building ROS package in '/home/kits/practise_workspace/src/swarm_robot_description' with build type 'ament_cmake'
[0.212s] INFO:colcon.colcon_cmake.task.cmake.build:Building CMake package in '/home/kits/practise_workspace/src/swarm_robot_description'
[0.212s] INFO:colcon.colcon_core.shell:Skip shell extension 'powershell' for command environment: Not usable outside of PowerShell
[0.212s] DEBUG:colcon.colcon_core.shell:Skip shell extension 'dsv' for command environment
[0.214s] INFO:colcon.colcon_ros.task.ament_python.build:Building ROS package in '/home/kits/practise_workspace/src/swarm_robot_gazebo' with build type 'ament_python'
[0.214s] Level 1:colcon.colcon_core.shell:create_environment_hook('swarm_robot_gazebo', 'ament_prefix_path')
[0.214s] INFO:colcon.colcon_core.shell:Creating environment hook '/home/kits/practise_workspace/install/swarm_robot_gazebo/share/swarm_robot_gazebo/hook/ament_prefix_path.ps1'
[0.215s] INFO:colcon.colcon_core.shell:Creating environment descriptor '/home/kits/practise_workspace/install/swarm_robot_gazebo/share/swarm_robot_gazebo/hook/ament_prefix_path.dsv'
[0.215s] INFO:colcon.colcon_core.shell:Creating environment hook '/home/kits/practise_workspace/install/swarm_robot_gazebo/share/swarm_robot_gazebo/hook/ament_prefix_path.sh'
[0.215s] INFO:colcon.colcon_core.shell:Skip shell extension 'powershell' for command environment: Not usable outside of PowerShell
[0.215s] DEBUG:colcon.colcon_core.shell:Skip shell extension 'dsv' for command environment
[0.359s] INFO:colcon.colcon_core.task.python.build:Building Python package in '/home/kits/practise_workspace/src/swarm_robot_bringup'
[0.360s] INFO:colcon.colcon_core.shell:Skip shell extension 'powershell' for command environment: Not usable outside of PowerShell
[0.360s] DEBUG:colcon.colcon_core.shell:Skip shell extension 'dsv' for command environment
[0.364s] DEBUG:colcon.colcon_core.event_handler.log_command:Invoking command in '/home/kits/practise_workspace/build/swarm_robot_description': CMAKE_PREFIX_PATH=${CMAKE_PREFIX_PATH}:/home/kits/practise_workspace/install/swarm_robot_gazebo:/home/kits/practise_workspace/install/swarm_robot_bringup:/opt/ros/humble /usr/bin/cmake /home/kits/practise_workspace/src/swarm_robot_description -DCMAKE_INSTALL_PREFIX=/home/kits/practise_workspace/install/swarm_robot_description
[0.508s] INFO:colcon.colcon_core.task.python.build:Building Python package in '/home/kits/practise_workspace/src/swarm_robot_gazebo'
[0.509s] INFO:colcon.colcon_core.shell:Skip shell extension 'powershell' for command environment: Not usable outside of PowerShell
[0.509s] DEBUG:colcon.colcon_core.shell:Skip shell extension 'dsv' for command environment
[0.773s] DEBUG:colcon.colcon_core.event_handler.log_command:Invoking command in '/home/kits/practise_workspace/src/swarm_robot_gazebo': PYTHONPATH=/home/kits/practise_workspace/build/swarm_robot_gazebo/prefix_override:/usr/lib/python3/dist-packages/colcon_core/task/python/colcon_distutils_commands:/home/kits/practise_workspace/install/swarm_robot_gazebo/lib/python3.10/site-packages:${PYTHONPATH} /usr/bin/python3 -W ignore:setup.py install is deprecated -W ignore:easy_install command is deprecated setup.py egg_info --egg-base ../../build/swarm_robot_gazebo build --build-base /home/kits/practise_workspace/build/swarm_robot_gazebo/build install --record /home/kits/practise_workspace/build/swarm_robot_gazebo/install.log --single-version-externally-managed install_data
[0.779s] DEBUG:colcon.colcon_core.event_handler.log_command:Invoking command in '/home/kits/practise_workspace/src/swarm_robot_bringup': PYTHONPATH=/home/kits/practise_workspace/build/swarm_robot_bringup/prefix_override:/usr/lib/python3/dist-packages/colcon_core/task/python/colcon_distutils_commands:/home/kits/practise_workspace/install/swarm_robot_bringup/lib/python3.10/site-packages:${PYTHONPATH} /usr/bin/python3 -W ignore:setup.py install is deprecated -W ignore:easy_install command is deprecated setup.py egg_info --egg-base ../../build/swarm_robot_bringup build --build-base /home/kits/practise_workspace/build/swarm_robot_bringup/build install --record /home/kits/practise_workspace/build/swarm_robot_bringup/install.log --single-version-externally-managed install_data
[0.957s] DEBUG:colcon.colcon_core.event_handler.log_command:Invoked command in '/home/kits/practise_workspace/src/swarm_robot_bringup' returned '0': PYTHONPATH=/home/kits/practise_workspace/build/swarm_robot_bringup/prefix_override:/usr/lib/python3/dist-packages/colcon_core/task/python/colcon_distutils_commands:/home/kits/practise_workspace/install/swarm_robot_bringup/lib/python3.10/site-packages:${PYTHONPATH} /usr/bin/python3 -W ignore:setup.py install is deprecated -W ignore:easy_install command is deprecated setup.py egg_info --egg-base ../../build/swarm_robot_bringup build --build-base /home/kits/practise_workspace/build/swarm_robot_bringup/build install --record /home/kits/practise_workspace/build/swarm_robot_bringup/install.log --single-version-externally-managed install_data
[0.958s] Level 1:colcon.colcon_core.environment:checking '/home/kits/practise_workspace/install/swarm_robot_bringup' for CMake module files
[0.958s] Level 1:colcon.colcon_core.environment:checking '/home/kits/practise_workspace/install/swarm_robot_bringup' for CMake config files
[0.959s] Level 1:colcon.colcon_core.environment:checking '/home/kits/practise_workspace/install/swarm_robot_bringup/lib'
[0.959s] Level 1:colcon.colcon_core.environment:checking '/home/kits/practise_workspace/install/swarm_robot_bringup/bin'
[0.959s] Level 1:colcon.colcon_core.environment:checking '/home/kits/practise_workspace/install/swarm_robot_bringup/lib/pkgconfig/swarm_robot_bringup.pc'
[0.959s] Level 1:colcon.colcon_core.environment:checking '/home/kits/practise_workspace/install/swarm_robot_bringup/lib/python3.10/site-packages'
[0.959s] Level 1:colcon.colcon_core.shell:create_environment_hook('swarm_robot_bringup', 'pythonpath')
[0.959s] INFO:colcon.colcon_core.shell:Creating environment hook '/home/kits/practise_workspace/install/swarm_robot_bringup/share/swarm_robot_bringup/hook/pythonpath.ps1'
[0.959s] INFO:colcon.colcon_core.shell:Creating environment descriptor '/home/kits/practise_workspace/install/swarm_robot_bringup/share/swarm_robot_bringup/hook/pythonpath.dsv'
[0.960s] INFO:colcon.colcon_core.shell:Creating environment hook '/home/kits/practise_workspace/install/swarm_robot_bringup/share/swarm_robot_bringup/hook/pythonpath.sh'
[0.960s] Level 1:colcon.colcon_core.environment:checking '/home/kits/practise_workspace/install/swarm_robot_bringup/bin'
[0.960s] Level 1:colcon.colcon_core.environment:create_environment_scripts_only(swarm_robot_bringup)
[0.960s] INFO:colcon.colcon_core.shell:Creating package script '/home/kits/practise_workspace/install/swarm_robot_bringup/share/swarm_robot_bringup/package.ps1'
[0.961s] INFO:colcon.colcon_core.shell:Creating package descriptor '/home/kits/practise_workspace/install/swarm_robot_bringup/share/swarm_robot_bringup/package.dsv'
[0.961s] INFO:colcon.colcon_core.shell:Creating package script '/home/kits/practise_workspace/install/swarm_robot_bringup/share/swarm_robot_bringup/package.sh'
[0.961s] INFO:colcon.colcon_core.shell:Creating package script '/home/kits/practise_workspace/install/swarm_robot_bringup/share/swarm_robot_bringup/package.bash'
[0.962s] INFO:colcon.colcon_core.shell:Creating package script '/home/kits/practise_workspace/install/swarm_robot_bringup/share/swarm_robot_bringup/package.zsh'
[0.962s] Level 1:colcon.colcon_core.environment:create_file_with_runtime_dependencies(/home/kits/practise_workspace/install/swarm_robot_bringup/share/colcon-core/packages/swarm_robot_bringup)
[0.962s] Level 1:colcon.colcon_core.environment:checking '/home/kits/practise_workspace/install/swarm_robot_gazebo' for CMake module files
[0.963s] Level 1:colcon.colcon_core.environment:checking '/home/kits/practise_workspace/install/swarm_robot_gazebo' for CMake config files
[0.963s] DEBUG:colcon.colcon_core.event_handler.log_command:Invoked command in '/home/kits/practise_workspace/src/swarm_robot_gazebo' returned '0': PYTHONPATH=/home/kits/practise_workspace/build/swarm_robot_gazebo/prefix_override:/usr/lib/python3/dist-packages/colcon_core/task/python/colcon_distutils_commands:/home/kits/practise_workspace/install/swarm_robot_gazebo/lib/python3.10/site-packages:${PYTHONPATH} /usr/bin/python3 -W ignore:setup.py install is deprecated -W ignore:easy_install command is deprecated setup.py egg_info --egg-base ../../build/swarm_robot_gazebo build --build-base /home/kits/practise_workspace/build/swarm_robot_gazebo/build install --record /home/kits/practise_workspace/build/swarm_robot_gazebo/install.log --single-version-externally-managed install_data
[0.963s] Level 1:colcon.colcon_core.environment:checking '/home/kits/practise_workspace/install/swarm_robot_gazebo/lib'
[0.963s] Level 1:colcon.colcon_core.environment:checking '/home/kits/practise_workspace/install/swarm_robot_gazebo/bin'
[0.963s] Level 1:colcon.colcon_core.environment:checking '/home/kits/practise_workspace/install/swarm_robot_gazebo/lib/pkgconfig/swarm_robot_gazebo.pc'
[0.963s] Level 1:colcon.colcon_core.environment:checking '/home/kits/practise_workspace/install/swarm_robot_gazebo/lib/python3.10/site-packages'
[0.963s] Level 1:colcon.colcon_core.shell:create_environment_hook('swarm_robot_gazebo', 'pythonpath')
[0.963s] INFO:colcon.colcon_core.shell:Creating environment hook '/home/kits/practise_workspace/install/swarm_robot_gazebo/share/swarm_robot_gazebo/hook/pythonpath.ps1'
[0.964s] INFO:colcon.colcon_core.shell:Creating environment descriptor '/home/kits/practise_workspace/install/swarm_robot_gazebo/share/swarm_robot_gazebo/hook/pythonpath.dsv'
[0.964s] INFO:colcon.colcon_core.shell:Creating environment hook '/home/kits/practise_workspace/install/swarm_robot_gazebo/share/swarm_robot_gazebo/hook/pythonpath.sh'
[0.964s] Level 1:colcon.colcon_core.environment:checking '/home/kits/practise_workspace/install/swarm_robot_gazebo/bin'
[0.964s] Level 1:colcon.colcon_core.environment:create_environment_scripts_only(swarm_robot_gazebo)
[0.964s] INFO:colcon.colcon_core.shell:Creating package script '/home/kits/practise_workspace/install/swarm_robot_gazebo/share/swarm_robot_gazebo/package.ps1'
[0.965s] INFO:colcon.colcon_core.shell:Creating package descriptor '/home/kits/practise_workspace/install/swarm_robot_gazebo/share/swarm_robot_gazebo/package.dsv'
[0.965s] INFO:colcon.colcon_core.shell:Creating package script '/home/kits/practise_workspace/install/swarm_robot_gazebo/share/swarm_robot_gazebo/package.sh'
[0.965s] INFO:colcon.colcon_core.shell:Creating package script '/home/kits/practise_workspace/install/swarm_robot_gazebo/share/swarm_robot_gazebo/package.bash'
[0.965s] INFO:colcon.colcon_core.shell:Creating package script '/home/kits/practise_workspace/install/swarm_robot_gazebo/share/swarm_robot_gazebo/package.zsh'
[0.965s] Level 1:colcon.colcon_core.environment:create_file_with_runtime_dependencies(/home/kits/practise_workspace/install/swarm_robot_gazebo/share/colcon-core/packages/swarm_robot_gazebo)
[0.977s] DEBUG:colcon.colcon_core.event_handler.log_command:Invoked command in '/home/kits/practise_workspace/build/swarm_robot_description' returned '0': CMAKE_PREFIX_PATH=${CMAKE_PREFIX_PATH}:/home/kits/practise_workspace/install/swarm_robot_gazebo:/home/kits/practise_workspace/install/swarm_robot_bringup:/opt/ros/humble /usr/bin/cmake /home/kits/practise_workspace/src/swarm_robot_description -DCMAKE_INSTALL_PREFIX=/home/kits/practise_workspace/install/swarm_robot_description
[0.978s] DEBUG:colcon.colcon_core.event_handler.log_command:Invoking command in '/home/kits/practise_workspace/build/swarm_robot_description': CMAKE_PREFIX_PATH=${CMAKE_PREFIX_PATH}:/home/kits/practise_workspace/install/swarm_robot_gazebo:/home/kits/practise_workspace/install/swarm_robot_bringup:/opt/ros/humble /usr/bin/cmake --build /home/kits/practise_workspace/build/swarm_robot_description -- -j16 -l16
[1.007s] DEBUG:colcon.colcon_core.event_handler.log_command:Invoked command in '/home/kits/practise_workspace/build/swarm_robot_description' returned '0': CMAKE_PREFIX_PATH=${CMAKE_PREFIX_PATH}:/home/kits/practise_workspace/install/swarm_robot_gazebo:/home/kits/practise_workspace/install/swarm_robot_bringup:/opt/ros/humble /usr/bin/cmake --build /home/kits/practise_workspace/build/swarm_robot_description -- -j16 -l16
[1.013s] DEBUG:colcon.colcon_core.event_handler.log_command:Invoking command in '/home/kits/practise_workspace/build/swarm_robot_description': CMAKE_PREFIX_PATH=${CMAKE_PREFIX_PATH}:/home/kits/practise_workspace/install/swarm_robot_gazebo:/home/kits/practise_workspace/install/swarm_robot_bringup:/opt/ros/humble /usr/bin/cmake --install /home/kits/practise_workspace/build/swarm_robot_description
[1.090s] Level 1:colcon.colcon_core.environment:create_environment_scripts_only(swarm_robot_description)
[1.090s] DEBUG:colcon.colcon_core.event_handler.log_command:Invoked command in '/home/kits/practise_workspace/build/swarm_robot_description' returned '0': CMAKE_PREFIX_PATH=${CMAKE_PREFIX_PATH}:/home/kits/practise_workspace/install/swarm_robot_gazebo:/home/kits/practise_workspace/install/swarm_robot_bringup:/opt/ros/humble /usr/bin/cmake --install /home/kits/practise_workspace/build/swarm_robot_description
[1.091s] Level 1:colcon.colcon_core.environment:checking '/home/kits/practise_workspace/install/swarm_robot_description' for CMake module files
[1.091s] Level 1:colcon.colcon_core.environment:checking '/home/kits/practise_workspace/install/swarm_robot_description' for CMake config files
[1.091s] Level 1:colcon.colcon_core.shell:create_environment_hook('swarm_robot_description', 'cmake_prefix_path')
[1.092s] INFO:colcon.colcon_core.shell:Creating environment hook '/home/kits/practise_workspace/install/swarm_robot_description/share/swarm_robot_description/hook/cmake_prefix_path.ps1'
[1.092s] INFO:colcon.colcon_core.shell:Creating environment descriptor '/home/kits/practise_workspace/install/swarm_robot_description/share/swarm_robot_description/hook/cmake_prefix_path.dsv'
[1.092s] INFO:colcon.colcon_core.shell:Creating environment hook '/home/kits/practise_workspace/install/swarm_robot_description/share/swarm_robot_description/hook/cmake_prefix_path.sh'
[1.093s] Level 1:colcon.colcon_core.environment:checking '/home/kits/practise_workspace/install/swarm_robot_description/bin'
[1.093s] Level 1:colcon.colcon_core.environment:checking '/home/kits/practise_workspace/install/swarm_robot_description/lib/pkgconfig/swarm_robot_description.pc'
[1.093s] Level 1:colcon.colcon_core.environment:checking '/home/kits/practise_workspace/install/swarm_robot_description/lib/python3.10/site-packages'
[1.093s] Level 1:colcon.colcon_core.environment:checking '/home/kits/practise_workspace/install/swarm_robot_description/bin'
[1.094s] INFO:colcon.colcon_core.shell:Creating package script '/home/kits/practise_workspace/install/swarm_robot_description/share/swarm_robot_description/package.ps1'
[1.094s] INFO:colcon.colcon_core.shell:Creating package descriptor '/home/kits/practise_workspace/install/swarm_robot_description/share/swarm_robot_description/package.dsv'
[1.095s] INFO:colcon.colcon_core.shell:Creating package script '/home/kits/practise_workspace/install/swarm_robot_description/share/swarm_robot_description/package.sh'
[1.095s] INFO:colcon.colcon_core.shell:Creating package script '/home/kits/practise_workspace/install/swarm_robot_description/share/swarm_robot_description/package.bash'
[1.095s] INFO:colcon.colcon_core.shell:Creating package script '/home/kits/practise_workspace/install/swarm_robot_description/share/swarm_robot_description/package.zsh'
[1.096s] Level 1:colcon.colcon_core.environment:create_file_with_runtime_dependencies(/home/kits/practise_workspace/install/swarm_robot_description/share/colcon-core/packages/swarm_robot_description)
[1.096s] Level 1:colcon.colcon_core.environment:create_environment_scripts_only(swarm_robot_description)
[1.097s] Level 1:colcon.colcon_core.environment:checking '/home/kits/practise_workspace/install/swarm_robot_description' for CMake module files
[1.097s] Level 1:colcon.colcon_core.environment:checking '/home/kits/practise_workspace/install/swarm_robot_description' for CMake config files
[1.097s] Level 1:colcon.colcon_core.shell:create_environment_hook('swarm_robot_description', 'cmake_prefix_path')
[1.098s] INFO:colcon.colcon_core.shell:Creating environment hook '/home/kits/practise_workspace/install/swarm_robot_description/share/swarm_robot_description/hook/cmake_prefix_path.ps1'
[1.098s] INFO:colcon.colcon_core.shell:Creating environment descriptor '/home/kits/practise_workspace/install/swarm_robot_description/share/swarm_robot_description/hook/cmake_prefix_path.dsv'
[1.098s] INFO:colcon.colcon_core.shell:Creating environment hook '/home/kits/practise_workspace/install/swarm_robot_description/share/swarm_robot_description/hook/cmake_prefix_path.sh'
[1.099s] Level 1:colcon.colcon_core.environment:checking '/home/kits/practise_workspace/install/swarm_robot_description/bin'
[1.099s] Level 1:colcon.colcon_core.environment:checking '/home/kits/practise_workspace/install/swarm_robot_description/lib/pkgconfig/swarm_robot_description.pc'
[1.099s] Level 1:colcon.colcon_core.environment:checking '/home/kits/practise_workspace/install/swarm_robot_description/lib/python3.10/site-packages'
[1.099s] Level 1:colcon.colcon_core.environment:checking '/home/kits/practise_workspace/install/swarm_robot_description/bin'
[1.100s] INFO:colcon.colcon_core.shell:Creating package script '/home/kits/practise_workspace/install/swarm_robot_description/share/swarm_robot_description/package.ps1'
[1.100s] INFO:colcon.colcon_core.shell:Creating package descriptor '/home/kits/practise_workspace/install/swarm_robot_description/share/swarm_robot_description/package.dsv'
[1.100s] INFO:colcon.colcon_core.shell:Creating package script '/home/kits/practise_workspace/install/swarm_robot_description/share/swarm_robot_description/package.sh'
[1.101s] INFO:colcon.colcon_core.shell:Creating package script '/home/kits/practise_workspace/install/swarm_robot_description/share/swarm_robot_description/package.bash'
[1.101s] INFO:colcon.colcon_core.shell:Creating package script '/home/kits/practise_workspace/install/swarm_robot_description/share/swarm_robot_description/package.zsh'
[1.101s] Level 1:colcon.colcon_core.environment:create_file_with_runtime_dependencies(/home/kits/practise_workspace/install/swarm_robot_description/share/colcon-core/packages/swarm_robot_description)
[1.102s] DEBUG:colcon.colcon_parallel_executor.executor.parallel:closing loop
[1.102s] DEBUG:colcon.colcon_parallel_executor.executor.parallel:loop closed
[1.102s] DEBUG:colcon.colcon_parallel_executor.executor.parallel:run_until_complete finished with '0'
[1.102s] DEBUG:colcon.colcon_core.event_reactor:joining thread
[1.105s] INFO:colcon.colcon_core.plugin_system:Skipping extension 'colcon_notification.desktop_notification.terminal_notifier': Not used on non-Darwin systems
[1.105s] INFO:colcon.colcon_core.plugin_system:Skipping extension 'colcon_notification.desktop_notification.win32': Not used on non-Windows systems
[1.105s] INFO:colcon.colcon_notification.desktop_notification:Sending desktop notification using 'notify2'
[1.116s] DEBUG:colcon.colcon_core.event_reactor:joined thread
[1.116s] INFO:colcon.colcon_core.shell:Creating prefix script '/home/kits/practise_workspace/install/local_setup.ps1'
[1.117s] INFO:colcon.colcon_core.shell:Creating prefix util module '/home/kits/practise_workspace/install/_local_setup_util_ps1.py'
[1.117s] INFO:colcon.colcon_core.shell:Creating prefix chain script '/home/kits/practise_workspace/install/setup.ps1'
[1.119s] INFO:colcon.colcon_core.shell:Creating prefix script '/home/kits/practise_workspace/install/local_setup.sh'
[1.119s] INFO:colcon.colcon_core.shell:Creating prefix util module '/home/kits/practise_workspace/install/_local_setup_util_sh.py'
[1.120s] INFO:colcon.colcon_core.shell:Creating prefix chain script '/home/kits/practise_workspace/install/setup.sh'
[1.120s] INFO:colcon.colcon_core.shell:Creating prefix script '/home/kits/practise_workspace/install/local_setup.bash'
[1.121s] INFO:colcon.colcon_core.shell:Creating prefix chain script '/home/kits/practise_workspace/install/setup.bash'
[1.121s] INFO:colcon.colcon_core.shell:Creating prefix script '/home/kits/practise_workspace/install/local_setup.zsh'
[1.121s] INFO:colcon.colcon_core.shell:Creating prefix chain script '/home/kits/practise_workspace/install/setup.zsh'
