[0.575s] Invoking command in '/home/kits/practise_workspace/src/swarm_robot_gazebo': PYTHONPATH=/home/kits/practise_workspace/build/swarm_robot_gazebo/prefix_override:/usr/lib/python3/dist-packages/colcon_core/task/python/colcon_distutils_commands:/home/kits/practise_workspace/install/swarm_robot_gazebo/lib/python3.10/site-packages:${PYTHONPATH} /usr/bin/python3 -W ignore:setup.py install is deprecated -W ignore:easy_install command is deprecated setup.py egg_info --egg-base ../../build/swarm_robot_gazebo build --build-base /home/kits/practise_workspace/build/swarm_robot_gazebo/build install --record /home/kits/practise_workspace/build/swarm_robot_gazebo/install.log --single-version-externally-managed install_data
[0.715s] running egg_info
[0.716s] writing ../../build/swarm_robot_gazebo/swarm_robot_gazebo.egg-info/PKG-INFO
[0.716s] writing dependency_links to ../../build/swarm_robot_gazebo/swarm_robot_gazebo.egg-info/dependency_links.txt
[0.716s] writing entry points to ../../build/swarm_robot_gazebo/swarm_robot_gazebo.egg-info/entry_points.txt
[0.716s] writing requirements to ../../build/swarm_robot_gazebo/swarm_robot_gazebo.egg-info/requires.txt
[0.716s] writing top-level names to ../../build/swarm_robot_gazebo/swarm_robot_gazebo.egg-info/top_level.txt
[0.717s] reading manifest file '../../build/swarm_robot_gazebo/swarm_robot_gazebo.egg-info/SOURCES.txt'
[0.717s] writing manifest file '../../build/swarm_robot_gazebo/swarm_robot_gazebo.egg-info/SOURCES.txt'
[0.717s] running build
[0.718s] running build_py
[0.718s] running install
[0.718s] running install_lib
[0.718s] running install_data
[0.718s] copying worlds/warehouse.sdf -> /home/kits/practise_workspace/install/swarm_robot_gazebo/share/swarm_robot_gazebo/worlds
[0.718s] running install_egg_info
[0.720s] removing '/home/kits/practise_workspace/install/swarm_robot_gazebo/lib/python3.10/site-packages/swarm_robot_gazebo-0.0.0-py3.10.egg-info' (and everything under it)
[0.720s] Copying ../../build/swarm_robot_gazebo/swarm_robot_gazebo.egg-info to /home/kits/practise_workspace/install/swarm_robot_gazebo/lib/python3.10/site-packages/swarm_robot_gazebo-0.0.0-py3.10.egg-info
[0.720s] running install_scripts
[0.734s] writing list of installed files to '/home/kits/practise_workspace/build/swarm_robot_gazebo/install.log'
[0.751s] Invoked command in '/home/kits/practise_workspace/src/swarm_robot_gazebo' returned '0': PYTHONPATH=/home/kits/practise_workspace/build/swarm_robot_gazebo/prefix_override:/usr/lib/python3/dist-packages/colcon_core/task/python/colcon_distutils_commands:/home/kits/practise_workspace/install/swarm_robot_gazebo/lib/python3.10/site-packages:${PYTHONPATH} /usr/bin/python3 -W ignore:setup.py install is deprecated -W ignore:easy_install command is deprecated setup.py egg_info --egg-base ../../build/swarm_robot_gazebo build --build-base /home/kits/practise_workspace/build/swarm_robot_gazebo/build install --record /home/kits/practise_workspace/build/swarm_robot_gazebo/install.log --single-version-externally-managed install_data
