[0.153s] Invoking command in '/home/kits/practise_workspace/build/swarm_robot_description': CMAKE_PREFIX_PATH=${CMAKE_PREFIX_PATH}:/home/kits/practise_workspace/install/swarm_robot_gazebo:/home/kits/practise_workspace/install/swarm_robot_bringup:/opt/ros/humble /usr/bin/cmake --build /home/kits/practise_workspace/build/swarm_robot_description -- -j16 -l16
[0.168s] -- Found ament_cmake: 1.3.12 (/opt/ros/humble/share/ament_cmake/cmake)
[0.247s] -- Found ament_lint_auto: 0.12.14 (/opt/ros/humble/share/ament_lint_auto/cmake)
[0.288s] -- Added test 'flake8' to check Python code syntax and style conventions
[0.288s] -- Added test 'lint_cmake' to check CMake code style
[0.288s] -- Added test 'pep257' to check Python code against some of the docstring style conventions in PEP 257
[0.289s] -- Added test 'xmllint' to check XML markup files
[0.289s] -- Configuring done
[0.291s] -- Generating done
[0.291s] -- Build files have been written to: /home/kits/practise_workspace/build/swarm_robot_description
[0.307s] Invoked command in '/home/kits/practise_workspace/build/swarm_robot_description' returned '0': CMAKE_PREFIX_PATH=${CMAKE_PREFIX_PATH}:/home/kits/practise_workspace/install/swarm_robot_gazebo:/home/kits/practise_workspace/install/swarm_robot_bringup:/opt/ros/humble /usr/bin/cmake --build /home/kits/practise_workspace/build/swarm_robot_description -- -j16 -l16
[0.314s] Invoking command in '/home/kits/practise_workspace/build/swarm_robot_description': CMAKE_PREFIX_PATH=${CMAKE_PREFIX_PATH}:/home/kits/practise_workspace/install/swarm_robot_gazebo:/home/kits/practise_workspace/install/swarm_robot_bringup:/opt/ros/humble /usr/bin/cmake --install /home/kits/practise_workspace/build/swarm_robot_description
[0.319s] -- Install configuration: ""
[0.319s] -- Up-to-date: /home/kits/practise_workspace/install/swarm_robot_description/share/swarm_robot_description/urdf
[0.319s] -- Up-to-date: /home/kits/practise_workspace/install/swarm_robot_description/share/swarm_robot_description/urdf/common_properties.urdf
[0.319s] -- Up-to-date: /home/kits/practise_workspace/install/swarm_robot_description/share/swarm_robot_description/urdf/turtlebot3_burger.urdf
[0.320s] -- Up-to-date: /home/kits/practise_workspace/install/swarm_robot_description/share/swarm_robot_description/urdf/turtlebot3_waffle_pi.urdf
[0.320s] -- Up-to-date: /home/kits/practise_workspace/install/swarm_robot_description/share/swarm_robot_description/urdf/turtlebot3_waffle.urdf
[0.320s] -- Up-to-date: /home/kits/practise_workspace/install/swarm_robot_description/share/swarm_robot_description/meshes
[0.320s] -- Up-to-date: /home/kits/practise_workspace/install/swarm_robot_description/share/swarm_robot_description/meshes/sensors
[0.320s] -- Up-to-date: /home/kits/practise_workspace/install/swarm_robot_description/share/swarm_robot_description/meshes/sensors/r200.jpg
[0.320s] -- Up-to-date: /home/kits/practise_workspace/install/swarm_robot_description/share/swarm_robot_description/meshes/sensors/astra.jpg
[0.320s] -- Up-to-date: /home/kits/practise_workspace/install/swarm_robot_description/share/swarm_robot_description/meshes/sensors/lds.stl
[0.320s] -- Up-to-date: /home/kits/practise_workspace/install/swarm_robot_description/share/swarm_robot_description/meshes/sensors/astra.dae
[0.320s] -- Up-to-date: /home/kits/practise_workspace/install/swarm_robot_description/share/swarm_robot_description/meshes/sensors/r200.dae
[0.320s] -- Up-to-date: /home/kits/practise_workspace/install/swarm_robot_description/share/swarm_robot_description/meshes/wheels
[0.320s] -- Up-to-date: /home/kits/practise_workspace/install/swarm_robot_description/share/swarm_robot_description/meshes/wheels/left_tire.stl
[0.320s] -- Up-to-date: /home/kits/practise_workspace/install/swarm_robot_description/share/swarm_robot_description/meshes/wheels/right_tire.stl
[0.320s] -- Up-to-date: /home/kits/practise_workspace/install/swarm_robot_description/share/swarm_robot_description/meshes/bases
[0.320s] -- Up-to-date: /home/kits/practise_workspace/install/swarm_robot_description/share/swarm_robot_description/meshes/bases/waffle_base.stl
[0.321s] -- Up-to-date: /home/kits/practise_workspace/install/swarm_robot_description/share/swarm_robot_description/meshes/bases/waffle_pi_base.stl
[0.321s] -- Up-to-date: /home/kits/practise_workspace/install/swarm_robot_description/share/swarm_robot_description/meshes/bases/burger_base.stl
[0.321s] -- Up-to-date: /home/kits/practise_workspace/install/swarm_robot_description/share/swarm_robot_description/launch
[0.321s] -- Up-to-date: /home/kits/practise_workspace/install/swarm_robot_description/share/swarm_robot_description/launch/visualize.launch.py
[0.321s] -- Up-to-date: /home/kits/practise_workspace/install/swarm_robot_description/share/swarm_robot_description/rviz
[0.321s] -- Up-to-date: /home/kits/practise_workspace/install/swarm_robot_description/share/ament_index/resource_index/package_run_dependencies/swarm_robot_description
[0.321s] -- Up-to-date: /home/kits/practise_workspace/install/swarm_robot_description/share/ament_index/resource_index/parent_prefix_path/swarm_robot_description
[0.322s] -- Installing: /home/kits/practise_workspace/install/swarm_robot_description/share/swarm_robot_description/environment/ament_prefix_path.sh
[0.322s] -- Installing: /home/kits/practise_workspace/install/swarm_robot_description/share/swarm_robot_description/environment/ament_prefix_path.dsv
[0.322s] -- Installing: /home/kits/practise_workspace/install/swarm_robot_description/share/swarm_robot_description/environment/path.sh
[0.322s] -- Installing: /home/kits/practise_workspace/install/swarm_robot_description/share/swarm_robot_description/environment/path.dsv
[0.322s] -- Up-to-date: /home/kits/practise_workspace/install/swarm_robot_description/share/swarm_robot_description/local_setup.bash
[0.323s] -- Up-to-date: /home/kits/practise_workspace/install/swarm_robot_description/share/swarm_robot_description/local_setup.sh
[0.323s] -- Up-to-date: /home/kits/practise_workspace/install/swarm_robot_description/share/swarm_robot_description/local_setup.zsh
[0.323s] -- Installing: /home/kits/practise_workspace/install/swarm_robot_description/share/swarm_robot_description/local_setup.dsv
[0.323s] -- Installing: /home/kits/practise_workspace/install/swarm_robot_description/share/swarm_robot_description/package.dsv
[0.323s] -- Up-to-date: /home/kits/practise_workspace/install/swarm_robot_description/share/ament_index/resource_index/packages/swarm_robot_description
[0.323s] -- Up-to-date: /home/kits/practise_workspace/install/swarm_robot_description/share/swarm_robot_description/cmake/swarm_robot_descriptionConfig.cmake
[0.323s] -- Up-to-date: /home/kits/practise_workspace/install/swarm_robot_description/share/swarm_robot_description/cmake/swarm_robot_descriptionConfig-version.cmake
[0.323s] -- Up-to-date: /home/kits/practise_workspace/install/swarm_robot_description/share/swarm_robot_description/package.xml
[0.323s] Invoked command in '/home/kits/practise_workspace/build/swarm_robot_description' returned '0': CMAKE_PREFIX_PATH=${CMAKE_PREFIX_PATH}:/home/kits/practise_workspace/install/swarm_robot_gazebo:/home/kits/practise_workspace/install/swarm_robot_bringup:/opt/ros/humble /usr/bin/cmake --install /home/kits/practise_workspace/build/swarm_robot_description
