running egg_info
creating ../../build/swarm_robot_gazebo/swarm_robot_gazebo.egg-info
writing ../../build/swarm_robot_gazebo/swarm_robot_gazebo.egg-info/PKG-INFO
writing dependency_links to ../../build/swarm_robot_gazebo/swarm_robot_gazebo.egg-info/dependency_links.txt
writing entry points to ../../build/swarm_robot_gazebo/swarm_robot_gazebo.egg-info/entry_points.txt
writing requirements to ../../build/swarm_robot_gazebo/swarm_robot_gazebo.egg-info/requires.txt
writing top-level names to ../../build/swarm_robot_gazebo/swarm_robot_gazebo.egg-info/top_level.txt
writing manifest file '../../build/swarm_robot_gazebo/swarm_robot_gazebo.egg-info/SOURCES.txt'
reading manifest file '../../build/swarm_robot_gazebo/swarm_robot_gazebo.egg-info/SOURCES.txt'
writing manifest file '../../build/swarm_robot_gazebo/swarm_robot_gazebo.egg-info/SOURCES.txt'
running build
running build_py
creating /home/kits/practise_workspace/build/swarm_robot_gazebo/build
creating /home/kits/practise_workspace/build/swarm_robot_gazebo/build/lib
creating /home/kits/practise_workspace/build/swarm_robot_gazebo/build/lib/swarm_robot_gazebo
copying swarm_robot_gazebo/__init__.py -> /home/kits/practise_workspace/build/swarm_robot_gazebo/build/lib/swarm_robot_gazebo
running install
running install_lib
creating /home/kits/practise_workspace/install/swarm_robot_gazebo/lib/python3.10/site-packages/swarm_robot_gazebo
copying /home/kits/practise_workspace/build/swarm_robot_gazebo/build/lib/swarm_robot_gazebo/__init__.py -> /home/kits/practise_workspace/install/swarm_robot_gazebo/lib/python3.10/site-packages/swarm_robot_gazebo
byte-compiling /home/kits/practise_workspace/install/swarm_robot_gazebo/lib/python3.10/site-packages/swarm_robot_gazebo/__init__.py to __init__.cpython-310.pyc
running install_data
creating /home/kits/practise_workspace/install/swarm_robot_gazebo/share/ament_index
creating /home/kits/practise_workspace/install/swarm_robot_gazebo/share/ament_index/resource_index
creating /home/kits/practise_workspace/install/swarm_robot_gazebo/share/ament_index/resource_index/packages
copying resource/swarm_robot_gazebo -> /home/kits/practise_workspace/install/swarm_robot_gazebo/share/ament_index/resource_index/packages
copying package.xml -> /home/kits/practise_workspace/install/swarm_robot_gazebo/share/swarm_robot_gazebo
creating /home/kits/practise_workspace/install/swarm_robot_gazebo/share/swarm_robot_gazebo/launch
copying launch/spawn_robot.launch.py -> /home/kits/practise_workspace/install/swarm_robot_gazebo/share/swarm_robot_gazebo/launch
running install_egg_info
Copying ../../build/swarm_robot_gazebo/swarm_robot_gazebo.egg-info to /home/kits/practise_workspace/install/swarm_robot_gazebo/lib/python3.10/site-packages/swarm_robot_gazebo-0.0.0-py3.10.egg-info
running install_scripts
writing list of installed files to '/home/kits/practise_workspace/build/swarm_robot_gazebo/install.log'
