[0.559s] Invoking command in '/home/kits/practise_workspace/src/swarm_robot_gazebo': PYTHONPATH=/home/kits/practise_workspace/build/swarm_robot_gazebo/prefix_override:/usr/lib/python3/dist-packages/colcon_core/task/python/colcon_distutils_commands:/home/kits/practise_workspace/install/swarm_robot_gazebo/lib/python3.10/site-packages:${PYTHONPATH} /usr/bin/python3 -W ignore:setup.py install is deprecated -W ignore:easy_install command is deprecated setup.py egg_info --egg-base ../../build/swarm_robot_gazebo build --build-base /home/kits/practise_workspace/build/swarm_robot_gazebo/build install --record /home/kits/practise_workspace/build/swarm_robot_gazebo/install.log --single-version-externally-managed install_data
[0.705s] running egg_info
[0.705s] creating ../../build/swarm_robot_gazebo/swarm_robot_gazebo.egg-info
[0.705s] writing ../../build/swarm_robot_gazebo/swarm_robot_gazebo.egg-info/PKG-INFO
[0.705s] writing dependency_links to ../../build/swarm_robot_gazebo/swarm_robot_gazebo.egg-info/dependency_links.txt
[0.705s] writing entry points to ../../build/swarm_robot_gazebo/swarm_robot_gazebo.egg-info/entry_points.txt
[0.705s] writing requirements to ../../build/swarm_robot_gazebo/swarm_robot_gazebo.egg-info/requires.txt
[0.705s] writing top-level names to ../../build/swarm_robot_gazebo/swarm_robot_gazebo.egg-info/top_level.txt
[0.705s] writing manifest file '../../build/swarm_robot_gazebo/swarm_robot_gazebo.egg-info/SOURCES.txt'
[0.706s] reading manifest file '../../build/swarm_robot_gazebo/swarm_robot_gazebo.egg-info/SOURCES.txt'
[0.707s] writing manifest file '../../build/swarm_robot_gazebo/swarm_robot_gazebo.egg-info/SOURCES.txt'
[0.707s] running build
[0.707s] running build_py
[0.707s] creating /home/kits/practise_workspace/build/swarm_robot_gazebo/build
[0.707s] creating /home/kits/practise_workspace/build/swarm_robot_gazebo/build/lib
[0.707s] creating /home/kits/practise_workspace/build/swarm_robot_gazebo/build/lib/swarm_robot_gazebo
[0.707s] copying swarm_robot_gazebo/__init__.py -> /home/kits/practise_workspace/build/swarm_robot_gazebo/build/lib/swarm_robot_gazebo
[0.707s] running install
[0.707s] running install_lib
[0.707s] creating /home/kits/practise_workspace/install/swarm_robot_gazebo/lib/python3.10/site-packages/swarm_robot_gazebo
[0.708s] copying /home/kits/practise_workspace/build/swarm_robot_gazebo/build/lib/swarm_robot_gazebo/__init__.py -> /home/kits/practise_workspace/install/swarm_robot_gazebo/lib/python3.10/site-packages/swarm_robot_gazebo
[0.708s] byte-compiling /home/kits/practise_workspace/install/swarm_robot_gazebo/lib/python3.10/site-packages/swarm_robot_gazebo/__init__.py to __init__.cpython-310.pyc
[0.708s] running install_data
[0.708s] creating /home/kits/practise_workspace/install/swarm_robot_gazebo/share/ament_index
[0.708s] creating /home/kits/practise_workspace/install/swarm_robot_gazebo/share/ament_index/resource_index
[0.708s] creating /home/kits/practise_workspace/install/swarm_robot_gazebo/share/ament_index/resource_index/packages
[0.708s] copying resource/swarm_robot_gazebo -> /home/kits/practise_workspace/install/swarm_robot_gazebo/share/ament_index/resource_index/packages
[0.708s] copying package.xml -> /home/kits/practise_workspace/install/swarm_robot_gazebo/share/swarm_robot_gazebo
[0.708s] creating /home/kits/practise_workspace/install/swarm_robot_gazebo/share/swarm_robot_gazebo/launch
[0.708s] copying launch/spawn_robot.launch.py -> /home/kits/practise_workspace/install/swarm_robot_gazebo/share/swarm_robot_gazebo/launch
[0.708s] running install_egg_info
[0.709s] Copying ../../build/swarm_robot_gazebo/swarm_robot_gazebo.egg-info to /home/kits/practise_workspace/install/swarm_robot_gazebo/lib/python3.10/site-packages/swarm_robot_gazebo-0.0.0-py3.10.egg-info
[0.709s] running install_scripts
[0.724s] writing list of installed files to '/home/kits/practise_workspace/build/swarm_robot_gazebo/install.log'
[0.748s] Invoked command in '/home/kits/practise_workspace/src/swarm_robot_gazebo' returned '0': PYTHONPATH=/home/kits/practise_workspace/build/swarm_robot_gazebo/prefix_override:/usr/lib/python3/dist-packages/colcon_core/task/python/colcon_distutils_commands:/home/kits/practise_workspace/install/swarm_robot_gazebo/lib/python3.10/site-packages:${PYTHONPATH} /usr/bin/python3 -W ignore:setup.py install is deprecated -W ignore:easy_install command is deprecated setup.py egg_info --egg-base ../../build/swarm_robot_gazebo build --build-base /home/kits/practise_workspace/build/swarm_robot_gazebo/build install --record /home/kits/practise_workspace/build/swarm_robot_gazebo/install.log --single-version-externally-managed install_data
