[0.154s] Invoking command in '/home/kits/practise_workspace/build/swarm_robot_description': CMAKE_PREFIX_PATH=${CMAKE_PREFIX_PATH}:/opt/ros/humble /usr/bin/cmake --build /home/kits/practise_workspace/build/swarm_robot_description -- -j16 -l16
[0.195s] -- Found ament_cmake: 1.3.12 (/opt/ros/humble/share/ament_cmake/cmake)
[0.300s] -- Found ament_lint_auto: 0.12.14 (/opt/ros/humble/share/ament_lint_auto/cmake)
[0.350s] -- Added test 'flake8' to check Python code syntax and style conventions
[0.351s] -- Added test 'lint_cmake' to check CMake code style
[0.352s] -- Added test 'pep257' to check Python code against some of the docstring style conventions in PEP 257
[0.354s] -- Added test 'xmllint' to check XML markup files
[0.355s] -- Configuring done
[0.359s] -- Generating done
[0.360s] -- Build files have been written to: /home/kits/practise_workspace/build/swarm_robot_description
[0.377s] Invoked command in '/home/kits/practise_workspace/build/swarm_robot_description' returned '0': CMAKE_PREFIX_PATH=${CMAKE_PREFIX_PATH}:/opt/ros/humble /usr/bin/cmake --build /home/kits/practise_workspace/build/swarm_robot_description -- -j16 -l16
[0.385s] Invoking command in '/home/kits/practise_workspace/build/swarm_robot_description': CMAKE_PREFIX_PATH=${CMAKE_PREFIX_PATH}:/opt/ros/humble /usr/bin/cmake --install /home/kits/practise_workspace/build/swarm_robot_description
[0.389s] -- Install configuration: ""
[0.389s] -- Installing: /home/kits/practise_workspace/install/swarm_robot_description/share/swarm_robot_description/launch
[0.389s] -- Installing: /home/kits/practise_workspace/install/swarm_robot_description/share/swarm_robot_description/launch/visualize.launch .py
[0.389s] -- Installing: /home/kits/practise_workspace/install/swarm_robot_description/share/swarm_robot_description/rviz
[0.389s] -- Up-to-date: /home/kits/practise_workspace/install/swarm_robot_description/share/ament_index/resource_index/package_run_dependencies/swarm_robot_description
[0.389s] -- Up-to-date: /home/kits/practise_workspace/install/swarm_robot_description/share/ament_index/resource_index/parent_prefix_path/swarm_robot_description
[0.389s] -- Up-to-date: /home/kits/practise_workspace/install/swarm_robot_description/share/swarm_robot_description/environment/ament_prefix_path.sh
[0.390s] -- Installing: /home/kits/practise_workspace/install/swarm_robot_description/share/swarm_robot_description/environment/ament_prefix_path.dsv
[0.390s] -- Up-to-date: /home/kits/practise_workspace/install/swarm_robot_description/share/swarm_robot_description/environment/path.sh
[0.390s] -- Installing: /home/kits/practise_workspace/install/swarm_robot_description/share/swarm_robot_description/environment/path.dsv
[0.390s] -- Up-to-date: /home/kits/practise_workspace/install/swarm_robot_description/share/swarm_robot_description/local_setup.bash
[0.390s] -- Up-to-date: /home/kits/practise_workspace/install/swarm_robot_description/share/swarm_robot_description/local_setup.sh
[0.390s] -- Up-to-date: /home/kits/practise_workspace/install/swarm_robot_description/share/swarm_robot_description/local_setup.zsh
[0.390s] -- Installing: /home/kits/practise_workspace/install/swarm_robot_description/share/swarm_robot_description/local_setup.dsv
[0.390s] -- Installing: /home/kits/practise_workspace/install/swarm_robot_description/share/swarm_robot_description/package.dsv
[0.390s] -- Up-to-date: /home/kits/practise_workspace/install/swarm_robot_description/share/ament_index/resource_index/packages/swarm_robot_description
[0.390s] -- Up-to-date: /home/kits/practise_workspace/install/swarm_robot_description/share/swarm_robot_description/cmake/swarm_robot_descriptionConfig.cmake
[0.391s] -- Up-to-date: /home/kits/practise_workspace/install/swarm_robot_description/share/swarm_robot_description/cmake/swarm_robot_descriptionConfig-version.cmake
[0.391s] -- Up-to-date: /home/kits/practise_workspace/install/swarm_robot_description/share/swarm_robot_description/package.xml
[0.391s] Invoked command in '/home/kits/practise_workspace/build/swarm_robot_description' returned '0': CMAKE_PREFIX_PATH=${CMAKE_PREFIX_PATH}:/opt/ros/humble /usr/bin/cmake --install /home/kits/practise_workspace/build/swarm_robot_description
