-- Found ament_cmake: 1.3.12 (/opt/ros/humble/share/ament_cmake/cmake)
-- Found ament_lint_auto: 0.12.14 (/opt/ros/humble/share/ament_lint_auto/cmake)
-- Added test 'flake8' to check Python code syntax and style conventions
-- Added test 'lint_cmake' to check CMake code style
-- Added test 'pep257' to check Python code against some of the docstring style conventions in PEP 257
-- Added test 'xmllint' to check XML markup files
-- Configuring done
-- Generating done
-- Build files have been written to: /home/kits/practise_workspace/build/swarm_robot_description
-- Install configuration: ""
-- Up-to-date: /home/kits/practise_workspace/install/swarm_robot_description/share/swarm_robot_description/launch
-- Up-to-date: /home/kits/practise_workspace/install/swarm_robot_description/share/swarm_robot_description/launch/visualize.launch .py
-- Up-to-date: /home/kits/practise_workspace/install/swarm_robot_description/share/swarm_robot_description/rviz
-- Up-to-date: /home/kits/practise_workspace/install/swarm_robot_description/share/ament_index/resource_index/package_run_dependencies/swarm_robot_description
-- Installing: /home/kits/practise_workspace/install/swarm_robot_description/share/ament_index/resource_index/parent_prefix_path/swarm_robot_description
-- Up-to-date: /home/kits/practise_workspace/install/swarm_robot_description/share/swarm_robot_description/environment/ament_prefix_path.sh
-- Installing: /home/kits/practise_workspace/install/swarm_robot_description/share/swarm_robot_description/environment/ament_prefix_path.dsv
-- Up-to-date: /home/kits/practise_workspace/install/swarm_robot_description/share/swarm_robot_description/environment/path.sh
-- Installing: /home/kits/practise_workspace/install/swarm_robot_description/share/swarm_robot_description/environment/path.dsv
-- Up-to-date: /home/kits/practise_workspace/install/swarm_robot_description/share/swarm_robot_description/local_setup.bash
-- Up-to-date: /home/kits/practise_workspace/install/swarm_robot_description/share/swarm_robot_description/local_setup.sh
-- Up-to-date: /home/kits/practise_workspace/install/swarm_robot_description/share/swarm_robot_description/local_setup.zsh
-- Installing: /home/kits/practise_workspace/install/swarm_robot_description/share/swarm_robot_description/local_setup.dsv
-- Installing: /home/kits/practise_workspace/install/swarm_robot_description/share/swarm_robot_description/package.dsv
-- Up-to-date: /home/kits/practise_workspace/install/swarm_robot_description/share/ament_index/resource_index/packages/swarm_robot_description
-- Up-to-date: /home/kits/practise_workspace/install/swarm_robot_description/share/swarm_robot_description/cmake/swarm_robot_descriptionConfig.cmake
-- Up-to-date: /home/kits/practise_workspace/install/swarm_robot_description/share/swarm_robot_description/cmake/swarm_robot_descriptionConfig-version.cmake
-- Up-to-date: /home/kits/practise_workspace/install/swarm_robot_description/share/swarm_robot_description/package.xml
