[0.567s] Invoking command in '/home/kits/practise_workspace/src/swarm_robot_bringup': PYTHONPATH=/home/kits/practise_workspace/build/swarm_robot_bringup/prefix_override:/usr/lib/python3/dist-packages/colcon_core/task/python/colcon_distutils_commands:/home/kits/practise_workspace/install/swarm_robot_bringup/lib/python3.10/site-packages:${PYTHONPATH} /usr/bin/python3 -W ignore:setup.py install is deprecated -W ignore:easy_install command is deprecated setup.py egg_info --egg-base ../../build/swarm_robot_bringup build --build-base /home/kits/practise_workspace/build/swarm_robot_bringup/build install --record /home/kits/practise_workspace/build/swarm_robot_bringup/install.log --single-version-externally-managed install_data
[0.702s] running egg_info
[0.703s] writing ../../build/swarm_robot_bringup/swarm_robot_bringup.egg-info/PKG-INFO
[0.703s] writing dependency_links to ../../build/swarm_robot_bringup/swarm_robot_bringup.egg-info/dependency_links.txt
[0.703s] writing entry points to ../../build/swarm_robot_bringup/swarm_robot_bringup.egg-info/entry_points.txt
[0.703s] writing requirements to ../../build/swarm_robot_bringup/swarm_robot_bringup.egg-info/requires.txt
[0.703s] writing top-level names to ../../build/swarm_robot_bringup/swarm_robot_bringup.egg-info/top_level.txt
[0.704s] reading manifest file '../../build/swarm_robot_bringup/swarm_robot_bringup.egg-info/SOURCES.txt'
[0.704s] writing manifest file '../../build/swarm_robot_bringup/swarm_robot_bringup.egg-info/SOURCES.txt'
[0.704s] running build
[0.704s] running build_py
[0.704s] running install
[0.704s] running install_lib
[0.705s] running install_data
[0.705s] running install_egg_info
[0.706s] removing '/home/kits/practise_workspace/install/swarm_robot_bringup/lib/python3.10/site-packages/swarm_robot_bringup-0.0.0-py3.10.egg-info' (and everything under it)
[0.706s] Copying ../../build/swarm_robot_bringup/swarm_robot_bringup.egg-info to /home/kits/practise_workspace/install/swarm_robot_bringup/lib/python3.10/site-packages/swarm_robot_bringup-0.0.0-py3.10.egg-info
[0.706s] running install_scripts
[0.718s] writing list of installed files to '/home/kits/practise_workspace/build/swarm_robot_bringup/install.log'
[0.736s] Invoked command in '/home/kits/practise_workspace/src/swarm_robot_bringup' returned '0': PYTHONPATH=/home/kits/practise_workspace/build/swarm_robot_bringup/prefix_override:/usr/lib/python3/dist-packages/colcon_core/task/python/colcon_distutils_commands:/home/kits/practise_workspace/install/swarm_robot_bringup/lib/python3.10/site-packages:${PYTHONPATH} /usr/bin/python3 -W ignore:setup.py install is deprecated -W ignore:easy_install command is deprecated setup.py egg_info --egg-base ../../build/swarm_robot_bringup build --build-base /home/kits/practise_workspace/build/swarm_robot_bringup/build install --record /home/kits/practise_workspace/build/swarm_robot_bringup/install.log --single-version-externally-managed install_data
