running egg_info
creating ../../build/swarm_robot_bringup/swarm_robot_bringup.egg-info
writing ../../build/swarm_robot_bringup/swarm_robot_bringup.egg-info/PKG-INFO
writing dependency_links to ../../build/swarm_robot_bringup/swarm_robot_bringup.egg-info/dependency_links.txt
writing entry points to ../../build/swarm_robot_bringup/swarm_robot_bringup.egg-info/entry_points.txt
writing requirements to ../../build/swarm_robot_bringup/swarm_robot_bringup.egg-info/requires.txt
writing top-level names to ../../build/swarm_robot_bringup/swarm_robot_bringup.egg-info/top_level.txt
writing manifest file '../../build/swarm_robot_bringup/swarm_robot_bringup.egg-info/SOURCES.txt'
reading manifest file '../../build/swarm_robot_bringup/swarm_robot_bringup.egg-info/SOURCES.txt'
writing manifest file '../../build/swarm_robot_bringup/swarm_robot_bringup.egg-info/SOURCES.txt'
running build
running build_py
creating /home/kits/practise_workspace/build/swarm_robot_bringup/build
creating /home/kits/practise_workspace/build/swarm_robot_bringup/build/lib
creating /home/kits/practise_workspace/build/swarm_robot_bringup/build/lib/swarm_robot_bringup
copying swarm_robot_bringup/__init__.py -> /home/kits/practise_workspace/build/swarm_robot_bringup/build/lib/swarm_robot_bringup
running install
running install_lib
creating /home/kits/practise_workspace/install/swarm_robot_bringup/lib/python3.10/site-packages/swarm_robot_bringup
copying /home/kits/practise_workspace/build/swarm_robot_bringup/build/lib/swarm_robot_bringup/__init__.py -> /home/kits/practise_workspace/install/swarm_robot_bringup/lib/python3.10/site-packages/swarm_robot_bringup
byte-compiling /home/kits/practise_workspace/install/swarm_robot_bringup/lib/python3.10/site-packages/swarm_robot_bringup/__init__.py to __init__.cpython-310.pyc
running install_data
creating /home/kits/practise_workspace/install/swarm_robot_bringup/share/ament_index
creating /home/kits/practise_workspace/install/swarm_robot_bringup/share/ament_index/resource_index
creating /home/kits/practise_workspace/install/swarm_robot_bringup/share/ament_index/resource_index/packages
copying resource/swarm_robot_bringup -> /home/kits/practise_workspace/install/swarm_robot_bringup/share/ament_index/resource_index/packages
copying package.xml -> /home/kits/practise_workspace/install/swarm_robot_bringup/share/swarm_robot_bringup
running install_egg_info
Copying ../../build/swarm_robot_bringup/swarm_robot_bringup.egg-info to /home/kits/practise_workspace/install/swarm_robot_bringup/lib/python3.10/site-packages/swarm_robot_bringup-0.0.0-py3.10.egg-info
running install_scripts
writing list of installed files to '/home/kits/practise_workspace/build/swarm_robot_bringup/install.log'
