[0.545s] Invoking command in '/home/kits/practise_workspace/src/swarm_robot_gazebo': PYTHONPATH=/home/kits/practise_workspace/build/swarm_robot_gazebo/prefix_override:/usr/lib/python3/dist-packages/colcon_core/task/python/colcon_distutils_commands:/home/kits/practise_workspace/install/swarm_robot_gazebo/lib/python3.10/site-packages:${PYTHONPATH} /usr/bin/python3 -W ignore:setup.py install is deprecated -W ignore:easy_install command is deprecated setup.py egg_info --egg-base ../../build/swarm_robot_gazebo build --build-base /home/kits/practise_workspace/build/swarm_robot_gazebo/build install --record /home/kits/practise_workspace/build/swarm_robot_gazebo/install.log --single-version-externally-managed install_data
[0.673s] running egg_info
[0.673s] writing ../../build/swarm_robot_gazebo/swarm_robot_gazebo.egg-info/PKG-INFO
[0.673s] writing dependency_links to ../../build/swarm_robot_gazebo/swarm_robot_gazebo.egg-info/dependency_links.txt
[0.673s] writing entry points to ../../build/swarm_robot_gazebo/swarm_robot_gazebo.egg-info/entry_points.txt
[0.673s] writing requirements to ../../build/swarm_robot_gazebo/swarm_robot_gazebo.egg-info/requires.txt
[0.673s] writing top-level names to ../../build/swarm_robot_gazebo/swarm_robot_gazebo.egg-info/top_level.txt
[0.674s] reading manifest file '../../build/swarm_robot_gazebo/swarm_robot_gazebo.egg-info/SOURCES.txt'
[0.675s] writing manifest file '../../build/swarm_robot_gazebo/swarm_robot_gazebo.egg-info/SOURCES.txt'
[0.675s] running build
[0.675s] running build_py
[0.675s] running install
[0.675s] running install_lib
[0.676s] running install_data
[0.676s] copying launch/spawn_robot.launch.py -> /home/kits/practise_workspace/install/swarm_robot_gazebo/share/swarm_robot_gazebo/launch
[0.676s] running install_egg_info
[0.677s] removing '/home/kits/practise_workspace/install/swarm_robot_gazebo/lib/python3.10/site-packages/swarm_robot_gazebo-0.0.0-py3.10.egg-info' (and everything under it)
[0.677s] Copying ../../build/swarm_robot_gazebo/swarm_robot_gazebo.egg-info to /home/kits/practise_workspace/install/swarm_robot_gazebo/lib/python3.10/site-packages/swarm_robot_gazebo-0.0.0-py3.10.egg-info
[0.677s] running install_scripts
[0.690s] writing list of installed files to '/home/kits/practise_workspace/build/swarm_robot_gazebo/install.log'
[0.705s] Invoked command in '/home/kits/practise_workspace/src/swarm_robot_gazebo' returned '0': PYTHONPATH=/home/kits/practise_workspace/build/swarm_robot_gazebo/prefix_override:/usr/lib/python3/dist-packages/colcon_core/task/python/colcon_distutils_commands:/home/kits/practise_workspace/install/swarm_robot_gazebo/lib/python3.10/site-packages:${PYTHONPATH} /usr/bin/python3 -W ignore:setup.py install is deprecated -W ignore:easy_install command is deprecated setup.py egg_info --egg-base ../../build/swarm_robot_gazebo build --build-base /home/kits/practise_workspace/build/swarm_robot_gazebo/build install --record /home/kits/practise_workspace/build/swarm_robot_gazebo/install.log --single-version-externally-managed install_data
